Archive member included to satisfy reference by file (symbol)

D:/ST/STM32CubeIDE_1.16.1/STM32CubeIDE/plugins/com.st.stm32cube.ide.mcu.externaltools.gnu-tools-for-stm32.12.3.rel1.win32_1.1.0.202410251130/tools/bin/../lib/gcc/arm-none-eabi/12.3.1/../../../../arm-none-eabi/lib/thumb/v7e-m+fp/hard\libc_nano.a(libc_a-exit.o)
                              D:/ST/STM32CubeIDE_1.16.1/STM32CubeIDE/plugins/com.st.stm32cube.ide.mcu.externaltools.gnu-tools-for-stm32.12.3.rel1.win32_1.1.0.202410251130/tools/bin/../lib/gcc/arm-none-eabi/12.3.1/../../../../arm-none-eabi/lib/thumb/v7e-m+fp/hard/crt0.o (exit)
D:/ST/STM32CubeIDE_1.16.1/STM32CubeIDE/plugins/com.st.stm32cube.ide.mcu.externaltools.gnu-tools-for-stm32.12.3.rel1.win32_1.1.0.202410251130/tools/bin/../lib/gcc/arm-none-eabi/12.3.1/../../../../arm-none-eabi/lib/thumb/v7e-m+fp/hard\libc_nano.a(libc_a-findfp.o)
                              D:/ST/STM32CubeIDE_1.16.1/STM32CubeIDE/plugins/com.st.stm32cube.ide.mcu.externaltools.gnu-tools-for-stm32.12.3.rel1.win32_1.1.0.202410251130/tools/bin/../lib/gcc/arm-none-eabi/12.3.1/../../../../arm-none-eabi/lib/thumb/v7e-m+fp/hard\libc_nano.a(libc_a-exit.o) (__stdio_exit_handler)
D:/ST/STM32CubeIDE_1.16.1/STM32CubeIDE/plugins/com.st.stm32cube.ide.mcu.externaltools.gnu-tools-for-stm32.12.3.rel1.win32_1.1.0.202410251130/tools/bin/../lib/gcc/arm-none-eabi/12.3.1/../../../../arm-none-eabi/lib/thumb/v7e-m+fp/hard\libc_nano.a(libc_a-fwalk.o)
                              D:/ST/STM32CubeIDE_1.16.1/STM32CubeIDE/plugins/com.st.stm32cube.ide.mcu.externaltools.gnu-tools-for-stm32.12.3.rel1.win32_1.1.0.202410251130/tools/bin/../lib/gcc/arm-none-eabi/12.3.1/../../../../arm-none-eabi/lib/thumb/v7e-m+fp/hard\libc_nano.a(libc_a-findfp.o) (_fwalk_sglue)
D:/ST/STM32CubeIDE_1.16.1/STM32CubeIDE/plugins/com.st.stm32cube.ide.mcu.externaltools.gnu-tools-for-stm32.12.3.rel1.win32_1.1.0.202410251130/tools/bin/../lib/gcc/arm-none-eabi/12.3.1/../../../../arm-none-eabi/lib/thumb/v7e-m+fp/hard\libc_nano.a(libc_a-stdio.o)
                              D:/ST/STM32CubeIDE_1.16.1/STM32CubeIDE/plugins/com.st.stm32cube.ide.mcu.externaltools.gnu-tools-for-stm32.12.3.rel1.win32_1.1.0.202410251130/tools/bin/../lib/gcc/arm-none-eabi/12.3.1/../../../../arm-none-eabi/lib/thumb/v7e-m+fp/hard\libc_nano.a(libc_a-findfp.o) (__sread)
D:/ST/STM32CubeIDE_1.16.1/STM32CubeIDE/plugins/com.st.stm32cube.ide.mcu.externaltools.gnu-tools-for-stm32.12.3.rel1.win32_1.1.0.202410251130/tools/bin/../lib/gcc/arm-none-eabi/12.3.1/../../../../arm-none-eabi/lib/thumb/v7e-m+fp/hard\libc_nano.a(libc_a-memset.o)
                              D:/ST/STM32CubeIDE_1.16.1/STM32CubeIDE/plugins/com.st.stm32cube.ide.mcu.externaltools.gnu-tools-for-stm32.12.3.rel1.win32_1.1.0.202410251130/tools/bin/../lib/gcc/arm-none-eabi/12.3.1/../../../../arm-none-eabi/lib/thumb/v7e-m+fp/hard/crt0.o (memset)
D:/ST/STM32CubeIDE_1.16.1/STM32CubeIDE/plugins/com.st.stm32cube.ide.mcu.externaltools.gnu-tools-for-stm32.12.3.rel1.win32_1.1.0.202410251130/tools/bin/../lib/gcc/arm-none-eabi/12.3.1/../../../../arm-none-eabi/lib/thumb/v7e-m+fp/hard\libc_nano.a(libc_a-closer.o)
                              D:/ST/STM32CubeIDE_1.16.1/STM32CubeIDE/plugins/com.st.stm32cube.ide.mcu.externaltools.gnu-tools-for-stm32.12.3.rel1.win32_1.1.0.202410251130/tools/bin/../lib/gcc/arm-none-eabi/12.3.1/../../../../arm-none-eabi/lib/thumb/v7e-m+fp/hard\libc_nano.a(libc_a-stdio.o) (_close_r)
D:/ST/STM32CubeIDE_1.16.1/STM32CubeIDE/plugins/com.st.stm32cube.ide.mcu.externaltools.gnu-tools-for-stm32.12.3.rel1.win32_1.1.0.202410251130/tools/bin/../lib/gcc/arm-none-eabi/12.3.1/../../../../arm-none-eabi/lib/thumb/v7e-m+fp/hard\libc_nano.a(libc_a-reent.o)
                              D:/ST/STM32CubeIDE_1.16.1/STM32CubeIDE/plugins/com.st.stm32cube.ide.mcu.externaltools.gnu-tools-for-stm32.12.3.rel1.win32_1.1.0.202410251130/tools/bin/../lib/gcc/arm-none-eabi/12.3.1/../../../../arm-none-eabi/lib/thumb/v7e-m+fp/hard\libc_nano.a(libc_a-closer.o) (errno)
D:/ST/STM32CubeIDE_1.16.1/STM32CubeIDE/plugins/com.st.stm32cube.ide.mcu.externaltools.gnu-tools-for-stm32.12.3.rel1.win32_1.1.0.202410251130/tools/bin/../lib/gcc/arm-none-eabi/12.3.1/../../../../arm-none-eabi/lib/thumb/v7e-m+fp/hard\libc_nano.a(libc_a-impure.o)
                              D:/ST/STM32CubeIDE_1.16.1/STM32CubeIDE/plugins/com.st.stm32cube.ide.mcu.externaltools.gnu-tools-for-stm32.12.3.rel1.win32_1.1.0.202410251130/tools/bin/../lib/gcc/arm-none-eabi/12.3.1/../../../../arm-none-eabi/lib/thumb/v7e-m+fp/hard\libc_nano.a(libc_a-reent.o) (_impure_ptr)
D:/ST/STM32CubeIDE_1.16.1/STM32CubeIDE/plugins/com.st.stm32cube.ide.mcu.externaltools.gnu-tools-for-stm32.12.3.rel1.win32_1.1.0.202410251130/tools/bin/../lib/gcc/arm-none-eabi/12.3.1/../../../../arm-none-eabi/lib/thumb/v7e-m+fp/hard\libc_nano.a(libc_a-lseekr.o)
[...]
Memory Configuration

Name             Origin             Length             Attributes
RAM              0x20000000         0x00010000         xrw
FLASH            0x08000000         0x00040000         xr
*default*        0x00000000         0xffffffff

Linker script and memory map

LOAD D:/ST/STM32CubeIDE_1.16.1/STM32CubeIDE/plugins/com.st.stm32cube.ide.mcu.externaltools.gnu-tools-for-stm32.12.3.rel1.win32_1.1.0.202410251130/tools/bin/../lib/gcc/arm-none-eabi/12.3.1/thumb/v7e-m+fp/hard/crti.o
LOAD D:/ST/STM32CubeIDE_1.16.1/STM32CubeIDE/plugins/com.st.stm32cube.ide.mcu.externaltools.gnu-tools-for-stm32.12.3.rel1.win32_1.1.0.202410251130/tools/bin/../lib/gcc/arm-none-eabi/12.3.1/thumb/v7e-m+fp/hard/crtbegin.o
LOAD D:/ST/STM32CubeIDE_1.16.1/STM32CubeIDE/plugins/com.st.stm32cube.ide.mcu.externaltools.gnu-tools-for-stm32.12.3.rel1.win32_1.1.0.202410251130/tools/bin/../lib/gcc/arm-none-eabi/12.3.1/../../../../arm-none-eabi/lib/thumb/v7e-m+fp/hard/crt0.o
LOAD ./Core/Src/gpio.o
LOAD ./Core/Src/main.o
LOAD ./Core/Src/stm32f4xx_hal_msp.o
LOAD ./Core/Src/stm32f4xx_it.o
LOAD ./Core/Src/syscalls.o
LOAD ./Core/Src/sysmem.o
LOAD ./Core/Src/system_stm32f4xx.o
LOAD ./Core/Startup/startup_stm32f401rctx.o
LOAD ./Drivers/STM32F4xx_HAL_Driver/Src/stm32f4xx_hal.o
LOAD ./Drivers/STM32F4xx_HAL_Driver/Src/stm32f4xx_hal_cortex.o
LOAD ./Drivers/STM32F4xx_HAL_Driver/Src/stm32f4xx_hal_dma.o
LOAD ./Drivers/STM32F4xx_HAL_Driver/Src/stm32f4xx_hal_dma_ex.o
LOAD ./Drivers/STM32F4xx_HAL_Driver/Src/stm32f4xx_hal_exti.o
LOAD ./Drivers/STM32F4xx_HAL_Driver/Src/stm32f4xx_hal_flash.o
LOAD ./Drivers/STM32F4xx_HAL_Driver/Src/stm32f4xx_hal_flash_ex.o
LOAD ./Drivers/STM32F4xx_HAL_Driver/Src/stm32f4xx_hal_flash_ramfunc.o
LOAD ./Drivers/STM32F4xx_HAL_Driver/Src/stm32f4xx_hal_gpio.o
LOAD ./Drivers/STM32F4xx_HAL_Driver/Src/stm32f4xx_hal_pcd.o
LOAD ./Drivers/STM32F4xx_HAL_Driver/Src/stm32f4xx_hal_pcd_ex.o
LOAD ./Drivers/STM32F4xx_HAL_Driver/Src/stm32f4xx_hal_pwr.o
LOAD ./Drivers/STM32F4xx_HAL_Driver/Src/stm32f4xx_hal_pwr_ex.o
LOAD ./Drivers/STM32F4xx_HAL_Driver/Src/stm32f4xx_hal_rcc.o
LOAD ./Drivers/STM32F4xx_HAL_Driver/Src/stm32f4xx_hal_rcc_ex.o
LOAD ./Drivers/STM32F4xx_HAL_Driver/Src/stm32f4xx_ll_usb.o
LOAD ./Middlewares/ST/STM32_USB_Device_Library/Class/CDC/Src/usbd_cdc.o
LOAD ./Middlewares/ST/STM32_USB_Device_Library/Core/Src/usbd_core.o
LOAD ./Middlewares/ST/STM32_USB_Device_Library/Core/Src/usbd_ctlreq.o
LOAD ./Middlewares/ST/STM32_USB_Device_Library/Core/Src/usbd_ioreq.o
LOAD ./USB_DEVICE/App/usb_device.o
LOAD ./USB_DEVICE/App/usbd_cdc_if.o
LOAD ./USB_DEVICE/App/usbd_desc.o
LOAD ./USB_DEVICE/Target/usbd_conf.o
START GROUP
LOAD D:/ST/STM32CubeIDE_1.16.1/STM32CubeIDE/plugins/com.st.stm32cube.ide.mcu.externaltools.gnu-tools-for-stm32.12.3.rel1.win32_1.1.0.202410251130/tools/bin/../lib/gcc/arm-none-eabi/12.3.1/../../../../arm-none-eabi/lib/thumb/v7e-m+fp/hard\libc_nano.a
LOAD D:/ST/STM32CubeIDE_1.16.1/STM32CubeIDE/plugins/com.st.stm32cube.ide.mcu.externaltools.gnu-tools-for-stm32.12.3.rel1.win32_1.1.0.202410251130/tools/bin/../lib/gcc/arm-none-eabi/12.3.1/../../../../arm-none-eabi/lib/thumb/v7e-m+fp/hard\libm.a
END GROUP
START GROUP
LOAD D:/ST/STM32CubeIDE_1.16.1/STM32CubeIDE/plugins/com.st.stm32cube.ide.mcu.externaltools.gnu-tools-for-stm32.12.3.rel1.win32_1.1.0.202410251130/tools/bin/../lib/gcc/arm-none-eabi/12.3.1/thumb/v7e-m+fp/hard\libgcc.a
LOAD D:/ST/STM32CubeIDE_1.16.1/STM32CubeIDE/plugins/com.st.stm32cube.ide.mcu.externaltools.gnu-tools-for-stm32.12.3.rel1.win32_1.1.0.202410251130/tools/bin/../lib/gcc/arm-none-eabi/12.3.1/../../../../arm-none-eabi/lib/thumb/v7e-m+fp/hard\libc_nano.a
END GROUP
START GROUP
LOAD D:/ST/STM32CubeIDE_1.16.1/STM32CubeIDE/plugins/com.st.stm32cube.ide.mcu.externaltools.gnu-tools-for-stm32.12.3.rel1.win32_1.1.0.202410251130/tools/bin/../lib/gcc/arm-none-eabi/12.3.1/thumb/v7e-m+fp/hard\libgcc.a
LOAD D:/ST/STM32CubeIDE_1.16.1/STM32CubeIDE/plugins/com.st.stm32cube.ide.mcu.externaltools.gnu-tools-for-stm32.12.3.rel1.win32_1.1.0.202410251130/tools/bin/../lib/gcc/arm-none-eabi/12.3.1/../../../../arm-none-eabi/lib/thumb/v7e-m+fp/hard\libc_nano.a
LOAD D:/ST/STM32CubeIDE_1.16.1/STM32CubeIDE/plugins/com.st.stm32cube.ide.mcu.externaltools.gnu-tools-for-stm32.12.3.rel1.win32_1.1.0.202410251130/tools/bin/../lib/gcc/arm-none-eabi/12.3.1/../../../../arm-none-eabi/lib/thumb/v7e-m+fp/hard\libnosys.a
END GROUP
START GROUP
LOAD D:/ST/STM32CubeIDE_1.16.1/STM32CubeIDE/plugins/com.st.stm32cube.ide.mcu.externaltools.gnu-tools-for-stm32.12.3.rel1.win32_1.1.0.202410251130/tools/bin/../lib/gcc/arm-none-eabi/12.3.1/thumb/v7e-m+fp/hard\libgcc.a
LOAD D:/ST/STM32CubeIDE_1.16.1/STM32CubeIDE/plugins/com.st.stm32cube.ide.mcu.externaltools.gnu-tools-for-stm32.12.3.rel1.win32_1.1.0.202410251130/tools/bin/../lib/gcc/arm-none-eabi/12.3.1/../../../../arm-none-eabi/lib/thumb/v7e-m+fp/hard\libc_nano.a
LOAD D:/ST/STM32CubeIDE_1.16.1/STM32CubeIDE/plugins/com.st.stm32cube.ide.mcu.externaltools.gnu-tools-for-stm32.12.3.rel1.win32_1.1.0.202410251130/tools/bin/../lib/gcc/arm-none-eabi/12.3.1/../../../../arm-none-eabi/lib/thumb/v7e-m+fp/hard\libnosys.a
END GROUP
LOAD D:/ST/STM32CubeIDE_1.16.1/STM32CubeIDE/plugins/com.st.stm32cube.ide.mcu.externaltools.gnu-tools-for-stm32.12.3.rel1.win32_1.1.0.202410251130/tools/bin/../lib/gcc/arm-none-eabi/12.3.1/thumb/v7e-m+fp/hard/crtend.o
LOAD D:/ST/STM32CubeIDE_1.16.1/STM32CubeIDE/plugins/com.st.stm32cube.ide.mcu.externaltools.gnu-tools-for-stm32.12.3.rel1.win32_1.1.0.202410251130/tools/bin/../lib/gcc/arm-none-eabi/12.3.1/thumb/v7e-m+fp/hard/crtn.o
                0x20010000                        _estack = (ORIGIN (RAM) + LENGTH (RAM))
                0x00000200                        _Min_Heap_Size = 0x200
                0x00000400                        _Min_Stack_Size = 0x400

.isr_vector     0x08000000      0x194
                0x08000000                        . = ALIGN (0x4)
 *(.isr_vector)
 .isr_vector    0x08000000      0x194 ./Core/Startup/startup_stm32f401rctx.o
                0x08000000                g_pfnVectors
                0x08000194                        . = ALIGN (0x4)

.text           0x08000194     0x6928
                0x08000194                        . = ALIGN (0x4)
 *(.text)
 .text          0x08000194       0x40 D:/ST/STM32CubeIDE_1.16.1/STM32CubeIDE/plugins/com.st.stm32cube.ide.mcu.externaltools.gnu-tools-for-stm32.12.3.rel1.win32_1.1.0.202410251130/tools/bin/../lib/gcc/arm-none-eabi/12.3.1/thumb/v7e-m+fp/hard/crtbegin.o
 .text          0x080001d4       0x30 D:/ST/STM32CubeIDE_1.16.1/STM32CubeIDE/plugins/com.st.stm32cube.ide.mcu.externaltools.gnu-tools-for-stm32.12.3.rel1.win32_1.1.0.202410251130/tools/bin/../lib/gcc/arm-none-eabi/12.3.1/thumb/v7e-m+fp/hard\libgcc.a(_aeabi_uldivmod.o)
                0x080001d4                __aeabi_uldivmod
 .text          0x08000204      0x2bc D:/ST/STM32CubeIDE_1.16.1/STM32CubeIDE/plugins/com.st.stm32cube.ide.mcu.externaltools.gnu-tools-for-stm32.12.3.rel1.win32_1.1.0.202410251130/tools/bin/../lib/gcc/arm-none-eabi/12.3.1/thumb/v7e-m+fp/hard\libgcc.a(_udivmoddi4.o)
                0x08000204                __udivmoddi4
 .text          0x080004c0        0x4 D:/ST/STM32CubeIDE_1.16.1/STM32CubeIDE/plugins/com.st.stm32cube.ide.mcu.externaltools.gnu-tools-for-stm32.12.3.rel1.win32_1.1.0.202410251130/tools/bin/../lib/gcc/arm-none-eabi/12.3.1/thumb/v7e-m+fp/hard\libgcc.a(_dvmd_tls.o)
                0x080004c0                __aeabi_idiv0
                0x080004c0                __aeabi_ldiv0
 *(.text*)
 .text.MX_GPIO_Init
                0x080004c4       0x6c ./Core/Src/gpio.o
                0x080004c4                MX_GPIO_Init
 .text.main     0x08000530       0x18 ./Core/Src/main.o
                0x08000530                main
 .text.SystemClock_Config
                0x08000548       0xd8 ./Core/Src/main.o
                0x08000548                SystemClock_Config
 .text.Error_Handler
                0x08000620        0xc ./Core/Src/main.o
                0x08000620                Error_Handler
 .text.HAL_MspInit
                0x0800062c       0x50 ./Core/Src/stm32f4xx_hal_msp.o
                0x0800062c                HAL_MspInit
 .text.NMI_Handler
                0x0800067c        0x8 ./Core/Src/stm32f4xx_it.o
                0x0800067c                NMI_Handler
 .text.HardFault_Handler
                0x08000684        0x8 ./Core/Src/stm32f4xx_it.o
                0x08000684                HardFault_Handler
 .text.MemManage_Handler
                0x0800068c        0x8 ./Core/Src/stm32f4xx_it.o
                0x0800068c                MemManage_Handler
 .text.BusFault_Handler
                0x08000694        0x8 ./Core/Src/stm32f4xx_it.o
                0x08000694                BusFault_Handler
 .text.UsageFault_Handler
                0x0800069c        0x8 ./Core/Src/stm32f4xx_it.o
                0x0800069c                UsageFault_Handler
 .text.SVC_Handler
                0x080006a4        0xe ./Core/Src/stm32f4xx_it.o
                0x080006a4                SVC_Handler
 .text.DebugMon_Handler
                0x080006b2        0xe ./Core/Src/stm32f4xx_it.o
                0x080006b2                DebugMon_Handler
 .text.PendSV_Handler
                0x080006c0        0xe ./Core/Src/stm32f4xx_it.o
                0x080006c0                PendSV_Handler
 .text.SysTick_Handler
                0x080006ce        0xc ./Core/Src/stm32f4xx_it.o
                0x080006ce                SysTick_Handler
 *fill*         0x080006da        0x2 
 .text.OTG_FS_IRQHandler
                0x080006dc       0x14 ./Core/Src/stm32f4xx_it.o
                0x080006dc                OTG_FS_IRQHandler
 .text.SystemInit
                0x080006f0       0x24 ./Core/Src/system_stm32f4xx.o
                0x080006f0                SystemInit
 .text.Reset_Handler
                0x08000714       0x50 ./Core/Startup/startup_stm32f401rctx.o
                0x08000714                Reset_Handler
 .text.Default_Handler
                0x08000764        0x2 ./Core/Startup/startup_stm32f401rctx.o
                0x08000764                RTC_Alarm_IRQHandler
                0x08000764                EXTI2_IRQHandler
                0x08000764                SPI4_IRQHandler
                0x08000764                TIM1_CC_IRQHandler
                0x08000764                DMA2_Stream5_IRQHandler
                0x08000764                DMA1_Stream5_IRQHandler
                0x08000764                PVD_IRQHandler
                0x08000764                SDIO_IRQHandler
                0x08000764                TAMP_STAMP_IRQHandler
                0x08000764                EXTI3_IRQHandler
                0x08000764                TIM1_UP_TIM10_IRQHandler
                0x08000764                I2C3_ER_IRQHandler
                0x08000764                EXTI0_IRQHandler
                0x08000764                I2C2_EV_IRQHandler
                0x08000764                DMA1_Stream2_IRQHandler
                0x08000764                FPU_IRQHandler
                0x08000764                DMA2_Stream2_IRQHandler
                0x08000764                SPI1_IRQHandler
                0x08000764                TIM1_BRK_TIM9_IRQHandler
                0x08000764                DMA2_Stream3_IRQHandler
                0x08000764                USART6_IRQHandler
                0x08000764                DMA2_Stream0_IRQHandler
                0x08000764                TIM4_IRQHandler
                0x08000764                I2C1_EV_IRQHandler
                0x08000764                DMA1_Stream6_IRQHandler
                0x08000764                DMA1_Stream1_IRQHandler
                0x08000764                TIM3_IRQHandler
                0x08000764                RCC_IRQHandler
                0x08000764                Default_Handler
                0x08000764                EXTI15_10_IRQHandler
                0x08000764                ADC_IRQHandler
                0x08000764                DMA1_Stream7_IRQHandler
                0x08000764                TIM5_IRQHandler
                0x08000764                DMA2_Stream7_IRQHandler
                0x08000764                I2C3_EV_IRQHandler
                0x08000764                EXTI9_5_IRQHandler
                0x08000764                RTC_WKUP_IRQHandler
                0x08000764                SPI2_IRQHandler
                0x08000764                DMA1_Stream0_IRQHandler
                0x08000764                EXTI4_IRQHandler
                0x08000764                WWDG_IRQHandler
                0x08000764                TIM2_IRQHandler
                0x08000764                OTG_FS_WKUP_IRQHandler
                0x08000764                TIM1_TRG_COM_TIM11_IRQHandler
                0x08000764                EXTI1_IRQHandler
                0x08000764                USART2_IRQHandler
                0x08000764                I2C2_ER_IRQHandler
                0x08000764                DMA2_Stream1_IRQHandler
                0x08000764                FLASH_IRQHandler
                0x08000764                DMA2_Stream4_IRQHandler
                0x08000764                USART1_IRQHandler
                0x08000764                SPI3_IRQHandler
                0x08000764                DMA1_Stream4_IRQHandler
                0x08000764                I2C1_ER_IRQHandler
                0x08000764                DMA2_Stream6_IRQHandler
                0x08000764                DMA1_Stream3_IRQHandler
 *fill*         0x08000766        0x2 
 .text.HAL_Init
                0x08000768       0x44 ./Drivers/STM32F4xx_HAL_Driver/Src/stm32f4xx_hal.o
                0x08000768                HAL_Init
 .text.HAL_InitTick
                0x080007ac       0x60 ./Drivers/STM32F4xx_HAL_Driver/Src/stm32f4xx_hal.o
                0x080007ac                HAL_InitTick
 .text.HAL_IncTick
                0x0800080c       0x28 ./Drivers/STM32F4xx_HAL_Driver/Src/stm32f4xx_hal.o
                0x0800080c                HAL_IncTick
 .text.HAL_GetTick
                0x08000834       0x18 ./Drivers/STM32F4xx_HAL_Driver/Src/stm32f4xx_hal.o
                0x08000834                HAL_GetTick
 .text.HAL_Delay
                0x0800084c       0x48 ./Drivers/STM32F4xx_HAL_Driver/Src/stm32f4xx_hal.o
                0x0800084c                HAL_Delay
 .text.__NVIC_SetPriorityGrouping
                0x08000894       0x48 ./Drivers/STM32F4xx_HAL_Driver/Src/stm32f4xx_hal_cortex.o
 .text.__NVIC_GetPriorityGrouping
                0x080008dc       0x1c ./Drivers/STM32F4xx_HAL_Driver/Src/stm32f4xx_hal_cortex.o
 .text.__NVIC_EnableIRQ
                0x080008f8       0x3c ./Drivers/STM32F4xx_HAL_Driver/Src/stm32f4xx_hal_cortex.o
 .text.__NVIC_SetPriority
                0x08000934       0x54 ./Drivers/STM32F4xx_HAL_Driver/Src/stm32f4xx_hal_cortex.o
 .text.NVIC_EncodePriority
                0x08000988       0x66 ./Drivers/STM32F4xx_HAL_Driver/Src/stm32f4xx_hal_cortex.o
 *fill*         0x080009ee        0x2 
 .text.SysTick_Config
                0x080009f0       0x44 ./Drivers/STM32F4xx_HAL_Driver/Src/stm32f4xx_hal_cortex.o
 .text.HAL_NVIC_SetPriorityGrouping
                0x08000a34       0x16 ./Drivers/STM32F4xx_HAL_Driver/Src/stm32f4xx_hal_cortex.o
                0x08000a34                HAL_NVIC_SetPriorityGrouping
 .text.HAL_NVIC_SetPriority
                0x08000a4a       0x38 ./Drivers/STM32F4xx_HAL_Driver/Src/stm32f4xx_hal_cortex.o
                0x08000a4a                HAL_NVIC_SetPriority
 .text.HAL_NVIC_EnableIRQ
                0x08000a82       0x1c ./Drivers/STM32F4xx_HAL_Driver/Src/stm32f4xx_hal_cortex.o
                0x08000a82                HAL_NVIC_EnableIRQ
 .text.HAL_SYSTICK_Config
                0x08000a9e       0x18 ./Drivers/STM32F4xx_HAL_Driver/Src/stm32f4xx_hal_cortex.o
                0x08000a9e                HAL_SYSTICK_Config
 *fill*         0x08000ab6        0x2 
 .text.HAL_GPIO_Init
                0x08000ab8      0x308 ./Drivers/STM32F4xx_HAL_Driver/Src/stm32f4xx_hal_gpio.o
                0x08000ab8                HAL_GPIO_Init
 .text.HAL_PCD_Init
                0x08000dc0      0x21e ./Drivers/STM32F4xx_HAL_Driver/Src/stm32f4xx_hal_pcd.o
                0x08000dc0                HAL_PCD_Init
 .text.HAL_PCD_Start
                0x08000fde       0x6a ./Drivers/STM32F4xx_HAL_Driver/Src/stm32f4xx_hal_pcd.o
                0x08000fde                HAL_PCD_Start
 .text.HAL_PCD_IRQHandler
                0x08001048      0x942 ./Drivers/STM32F4xx_HAL_Driver/Src/stm32f4xx_hal_pcd.o
                0x08001048                HAL_PCD_IRQHandler
 .text.HAL_PCD_SetAddress
                0x0800198a       0x48 ./Drivers/STM32F4xx_HAL_Driver/Src/stm32f4xx_hal_pcd.o
                0x0800198a                HAL_PCD_SetAddress
 .text.HAL_PCD_EP_Open
                0x080019d2       0xd4 ./Drivers/STM32F4xx_HAL_Driver/Src/stm32f4xx_hal_pcd.o
                0x080019d2                HAL_PCD_EP_Open
 .text.HAL_PCD_EP_Close
                0x08001aa6       0x94 ./Drivers/STM32F4xx_HAL_Driver/Src/stm32f4xx_hal_pcd.o
                0x08001aa6                HAL_PCD_EP_Close
 .text.HAL_PCD_EP_Receive
                0x08001b3a       0x76 ./Drivers/STM32F4xx_HAL_Driver/Src/stm32f4xx_hal_pcd.o
                0x08001b3a                HAL_PCD_EP_Receive
 .text.HAL_PCD_EP_GetRxCount
                0x08001bb0       0x30 ./Drivers/STM32F4xx_HAL_Driver/Src/stm32f4xx_hal_pcd.o
                0x08001bb0                HAL_PCD_EP_GetRxCount
 .text.HAL_PCD_EP_Transmit
                0x08001be0       0x74 ./Drivers/STM32F4xx_HAL_Driver/Src/stm32f4xx_hal_pcd.o
                0x08001be0                HAL_PCD_EP_Transmit
 .text.HAL_PCD_EP_SetStall
                0x08001c54       0xc6 ./Drivers/STM32F4xx_HAL_Driver/Src/stm32f4xx_hal_pcd.o
                0x08001c54                HAL_PCD_EP_SetStall
 .text.HAL_PCD_EP_ClrStall
                0x08001d1a       0xac ./Drivers/STM32F4xx_HAL_Driver/Src/stm32f4xx_hal_pcd.o
                0x08001d1a                HAL_PCD_EP_ClrStall
 .text.HAL_PCD_EP_Abort
                0x08001dc6       0x62 ./Drivers/STM32F4xx_HAL_Driver/Src/stm32f4xx_hal_pcd.o
                0x08001dc6                HAL_PCD_EP_Abort
 .text.PCD_WriteEmptyTxFifo
                0x08001e28      0x118 ./Drivers/STM32F4xx_HAL_Driver/Src/stm32f4xx_hal_pcd.o
 .text.PCD_EP_OutXfrComplete_int
                0x08001f40      0x1d0 ./Drivers/STM32F4xx_HAL_Driver/Src/stm32f4xx_hal_pcd.o
 .text.PCD_EP_OutSetupPacket_int
                0x08002110       0x8c ./Drivers/STM32F4xx_HAL_Driver/Src/stm32f4xx_hal_pcd.o
 .text.HAL_PCDEx_SetTxFiFo
                0x0800219c       0x8e ./Drivers/STM32F4xx_HAL_Driver/Src/stm32f4xx_hal_pcd_ex.o
                0x0800219c                HAL_PCDEx_SetTxFiFo
 .text.HAL_PCDEx_SetRxFiFo
                0x0800222a       0x22 ./Drivers/STM32F4xx_HAL_Driver/Src/stm32f4xx_hal_pcd_ex.o
                0x0800222a                HAL_PCDEx_SetRxFiFo
 .text.HAL_PCDEx_LPM_Callback
                0x0800224c       0x18 ./Drivers/STM32F4xx_HAL_Driver/Src/stm32f4xx_hal_pcd_ex.o
                0x0800224c                HAL_PCDEx_LPM_Callback
 .text.HAL_RCC_OscConfig
                0x08002264      0x4f0 ./Drivers/STM32F4xx_HAL_Driver/Src/stm32f4xx_hal_rcc.o
                0x08002264                HAL_RCC_OscConfig
 .text.HAL_RCC_ClockConfig
                0x08002754      0x1cc ./Drivers/STM32F4xx_HAL_Driver/Src/stm32f4xx_hal_rcc.o
                0x08002754                HAL_RCC_ClockConfig
 .text.HAL_RCC_GetSysClockFreq
                0x08002920      0x18c ./Drivers/STM32F4xx_HAL_Driver/Src/stm32f4xx_hal_rcc.o
                0x08002920                HAL_RCC_GetSysClockFreq
 .text.HAL_RCC_GetHCLKFreq
                0x08002aac       0x18 ./Drivers/STM32F4xx_HAL_Driver/Src/stm32f4xx_hal_rcc.o
                0x08002aac                HAL_RCC_GetHCLKFreq
 .text.USB_CoreInit
                0x08002ac4       0xc8 ./Drivers/STM32F4xx_HAL_Driver/Src/stm32f4xx_ll_usb.o
                0x08002ac4                USB_CoreInit
 .text.USB_SetTurnaroundTime
                0x08002b8c      0x144 ./Drivers/STM32F4xx_HAL_Driver/Src/stm32f4xx_ll_usb.o
                0x08002b8c                USB_SetTurnaroundTime
 .text.USB_EnableGlobalInt
                0x08002cd0       0x22 ./Drivers/STM32F4xx_HAL_Driver/Src/stm32f4xx_ll_usb.o
                0x08002cd0                USB_EnableGlobalInt
 .text.USB_DisableGlobalInt
                0x08002cf2       0x22 ./Drivers/STM32F4xx_HAL_Driver/Src/stm32f4xx_ll_usb.o
                0x08002cf2                USB_DisableGlobalInt
 .text.USB_SetCurrentMode
                0x08002d14       0x98 ./Drivers/STM32F4xx_HAL_Driver/Src/stm32f4xx_ll_usb.o
                0x08002d14                USB_SetCurrentMode
 .text.USB_DevInit
                0x08002dac      0x2c8 ./Drivers/STM32F4xx_HAL_Driver/Src/stm32f4xx_ll_usb.o
                0x08002dac                USB_DevInit
 .text.USB_FlushTxFifo
                0x08003074       0x64 ./Drivers/STM32F4xx_HAL_Driver/Src/stm32f4xx_ll_usb.o
                0x08003074                USB_FlushTxFifo
 .text.USB_FlushRxFifo
                0x080030d8       0x5c ./Drivers/STM32F4xx_HAL_Driver/Src/stm32f4xx_ll_usb.o
                0x080030d8                USB_FlushRxFifo
 .text.USB_SetDevSpeed
                0x08003134       0x32 ./Drivers/STM32F4xx_HAL_Driver/Src/stm32f4xx_ll_usb.o
                0x08003134                USB_SetDevSpeed
 .text.USB_GetDevSpeed
                0x08003166       0x4a ./Drivers/STM32F4xx_HAL_Driver/Src/stm32f4xx_ll_usb.o
                0x08003166                USB_GetDevSpeed
 .text.USB_ActivateEndpoint
                0x080031b0      0x10e ./Drivers/STM32F4xx_HAL_Driver/Src/stm32f4xx_ll_usb.o
                0x080031b0                USB_ActivateEndpoint
 *fill*         0x080032be        0x2 
 .text.USB_DeactivateEndpoint
                0x080032c0      0x1b8 ./Drivers/STM32F4xx_HAL_Driver/Src/stm32f4xx_ll_usb.o
                0x080032c0                USB_DeactivateEndpoint
 .text.USB_EPStartXfer
                0x08003478      0x53c ./Drivers/STM32F4xx_HAL_Driver/Src/stm32f4xx_ll_usb.o
                0x08003478                USB_EPStartXfer
 .text.USB_EPStopXfer
                0x080039b4      0x154 ./Drivers/STM32F4xx_HAL_Driver/Src/stm32f4xx_ll_usb.o
                0x080039b4                USB_EPStopXfer
 .text.USB_WritePacket
                0x08003b08       0x7c ./Drivers/STM32F4xx_HAL_Driver/Src/stm32f4xx_ll_usb.o
                0x08003b08                USB_WritePacket
 .text.USB_ReadPacket
                0x08003b84       0xb0 ./Drivers/STM32F4xx_HAL_Driver/Src/stm32f4xx_ll_usb.o
                0x08003b84                USB_ReadPacket
 .text.USB_EPSetStall
                0x08003c34       0xdc ./Drivers/STM32F4xx_HAL_Driver/Src/stm32f4xx_ll_usb.o
                0x08003c34                USB_EPSetStall
 .text.USB_EPClearStall
                0x08003d10       0xcc ./Drivers/STM32F4xx_HAL_Driver/Src/stm32f4xx_ll_usb.o
                0x08003d10                USB_EPClearStall
 .text.USB_SetDevAddress
                0x08003ddc       0x4c ./Drivers/STM32F4xx_HAL_Driver/Src/stm32f4xx_ll_usb.o
                0x08003ddc                USB_SetDevAddress
 .text.USB_DevConnect
                0x08003e28       0x42 ./Drivers/STM32F4xx_HAL_Driver/Src/stm32f4xx_ll_usb.o
                0x08003e28                USB_DevConnect
 .text.USB_DevDisconnect
                0x08003e6a       0x42 ./Drivers/STM32F4xx_HAL_Driver/Src/stm32f4xx_ll_usb.o
                0x08003e6a                USB_DevDisconnect
 .text.USB_ReadInterrupts
                0x08003eac       0x26 ./Drivers/STM32F4xx_HAL_Driver/Src/stm32f4xx_ll_usb.o
                0x08003eac                USB_ReadInterrupts
 .text.USB_ReadDevAllOutEpInterrupt
                0x08003ed2       0x34 ./Drivers/STM32F4xx_HAL_Driver/Src/stm32f4xx_ll_usb.o
                0x08003ed2                USB_ReadDevAllOutEpInterrupt
 .text.USB_ReadDevAllInEpInterrupt
                0x08003f06       0x34 ./Drivers/STM32F4xx_HAL_Driver/Src/stm32f4xx_ll_usb.o
                0x08003f06                USB_ReadDevAllInEpInterrupt
 .text.USB_ReadDevOutEPInterrupt
                0x08003f3a       0x3c ./Drivers/STM32F4xx_HAL_Driver/Src/stm32f4xx_ll_usb.o
                0x08003f3a                USB_ReadDevOutEPInterrupt
 .text.USB_ReadDevInEPInterrupt
                0x08003f76       0x5c ./Drivers/STM32F4xx_HAL_Driver/Src/stm32f4xx_ll_usb.o
                0x08003f76                USB_ReadDevInEPInterrupt
 .text.USB_GetMode
                0x08003fd2       0x1c ./Drivers/STM32F4xx_HAL_Driver/Src/stm32f4xx_ll_usb.o
                0x08003fd2                USB_GetMode
 .text.USB_ActivateSetup
                0x08003fee       0x46 ./Drivers/STM32F4xx_HAL_Driver/Src/stm32f4xx_ll_usb.o
                0x08003fee                USB_ActivateSetup
 .text.USB_EP0_OutStart
                0x08004034       0xbc ./Drivers/STM32F4xx_HAL_Driver/Src/stm32f4xx_ll_usb.o
                0x08004034                USB_EP0_OutStart
 .text.USB_CoreReset
                0x080040f0       0x62 ./Drivers/STM32F4xx_HAL_Driver/Src/stm32f4xx_ll_usb.o
 *fill*         0x08004152        0x2 
 .text.USBD_CDC_Init
                0x08004154      0x1f0 ./Middlewares/ST/STM32_USB_Device_Library/Class/CDC/Src/usbd_cdc.o
 .text.USBD_CDC_DeInit
                0x08004344      0x104 ./Middlewares/ST/STM32_USB_Device_Library/Class/CDC/Src/usbd_cdc.o
 .text.USBD_CDC_Setup
                0x08004448      0x1b8 ./Middlewares/ST/STM32_USB_Device_Library/Class/CDC/Src/usbd_cdc.o
 .text.USBD_CDC_DataIn
                0x08004600       0xfe ./Middlewares/ST/STM32_USB_Device_Library/Class/CDC/Src/usbd_cdc.o
 .text.USBD_CDC_DataOut
                0x080046fe       0x70 ./Middlewares/ST/STM32_USB_Device_Library/Class/CDC/Src/usbd_cdc.o
 .text.USBD_CDC_EP0_RxReady
                0x0800476e       0x74 ./Middlewares/ST/STM32_USB_Device_Library/Class/CDC/Src/usbd_cdc.o
 *fill*         0x080047e2        0x2 
 .text.USBD_CDC_GetFSCfgDesc
                0x080047e4       0x70 ./Middlewares/ST/STM32_USB_Device_Library/Class/CDC/Src/usbd_cdc.o
 .text.USBD_CDC_GetHSCfgDesc
                0x08004854       0x70 ./Middlewares/ST/STM32_USB_Device_Library/Class/CDC/Src/usbd_cdc.o
 .text.USBD_CDC_GetOtherSpeedCfgDesc
                0x080048c4       0x70 ./Middlewares/ST/STM32_USB_Device_Library/Class/CDC/Src/usbd_cdc.o
 .text.USBD_CDC_GetDeviceQualifierDescriptor
                0x08004934       0x20 ./Middlewares/ST/STM32_USB_Device_Library/Class/CDC/Src/usbd_cdc.o
                0x08004934                USBD_CDC_GetDeviceQualifierDescriptor
 .text.USBD_CDC_RegisterInterface
                0x08004954       0x34 ./Middlewares/ST/STM32_USB_Device_Library/Class/CDC/Src/usbd_cdc.o
                0x08004954                USBD_CDC_RegisterInterface
 .text.USBD_CDC_SetTxBuffer
                0x08004988       0x44 ./Middlewares/ST/STM32_USB_Device_Library/Class/CDC/Src/usbd_cdc.o
                0x08004988                USBD_CDC_SetTxBuffer
 .text.USBD_CDC_SetRxBuffer
                0x080049cc       0x3a ./Middlewares/ST/STM32_USB_Device_Library/Class/CDC/Src/usbd_cdc.o
                0x080049cc                USBD_CDC_SetRxBuffer
 *fill*         0x08004a06        0x2 
 .text.USBD_CDC_ReceivePacket
                0x08004a08       0x6c ./Middlewares/ST/STM32_USB_Device_Library/Class/CDC/Src/usbd_cdc.o
                0x08004a08                USBD_CDC_ReceivePacket
 .text.USBD_Init
                0x08004a74       0x60 ./Middlewares/ST/STM32_USB_Device_Library/Core/Src/usbd_core.o
                0x08004a74                USBD_Init
 .text.USBD_RegisterClass
                0x08004ad4       0x6c ./Middlewares/ST/STM32_USB_Device_Library/Core/Src/usbd_core.o
                0x08004ad4                USBD_RegisterClass
 .text.USBD_Start
                0x08004b40       0x18 ./Middlewares/ST/STM32_USB_Device_Library/Core/Src/usbd_core.o
                0x08004b40                USBD_Start
 .text.USBD_RunTestMode
                0x08004b58       0x16 ./Middlewares/ST/STM32_USB_Device_Library/Core/Src/usbd_core.o
                0x08004b58                USBD_RunTestMode
 .text.USBD_SetClassConfig
                0x08004b6e       0x38 ./Middlewares/ST/STM32_USB_Device_Library/Core/Src/usbd_core.o
                0x08004b6e                USBD_SetClassConfig
 .text.USBD_ClrClassConfig
                0x08004ba6       0x34 ./Middlewares/ST/STM32_USB_Device_Library/Core/Src/usbd_core.o
                0x08004ba6                USBD_ClrClassConfig
 .text.USBD_LL_SetupStage
                0x08004bda       0xaa ./Middlewares/ST/STM32_USB_Device_Library/Core/Src/usbd_core.o
                0x08004bda                USBD_LL_SetupStage
 .text.USBD_LL_DataOutStage
                0x08004c84      0x166 ./Middlewares/ST/STM32_USB_Device_Library/Core/Src/usbd_core.o
                0x08004c84                USBD_LL_DataOutStage
 .text.USBD_LL_DataInStage
                0x08004dea      0x164 ./Middlewares/ST/STM32_USB_Device_Library/Core/Src/usbd_core.o
                0x08004dea                USBD_LL_DataInStage
 .text.USBD_LL_Reset
                0x08004f4e       0xa4 ./Middlewares/ST/STM32_USB_Device_Library/Core/Src/usbd_core.o
                0x08004f4e                USBD_LL_Reset
 .text.USBD_LL_SetSpeed
                0x08004ff2       0x20 ./Middlewares/ST/STM32_USB_Device_Library/Core/Src/usbd_core.o
                0x08004ff2                USBD_LL_SetSpeed
 .text.USBD_LL_Suspend
                0x08005012       0x38 ./Middlewares/ST/STM32_USB_Device_Library/Core/Src/usbd_core.o
                0x08005012                USBD_LL_Suspend
 .text.USBD_LL_Resume
                0x0800504a       0x30 ./Middlewares/ST/STM32_USB_Device_Library/Core/Src/usbd_core.o
                0x0800504a                USBD_LL_Resume
 .text.USBD_LL_SOF
                0x0800507a       0x40 ./Middlewares/ST/STM32_USB_Device_Library/Core/Src/usbd_core.o
                0x0800507a                USBD_LL_SOF
 .text.USBD_LL_IsoINIncomplete
                0x080050ba       0x64 ./Middlewares/ST/STM32_USB_Device_Library/Core/Src/usbd_core.o
                0x080050ba                USBD_LL_IsoINIncomplete
 .text.USBD_LL_IsoOUTIncomplete
                0x0800511e       0x64 ./Middlewares/ST/STM32_USB_Device_Library/Core/Src/usbd_core.o
                0x0800511e                USBD_LL_IsoOUTIncomplete
 .text.USBD_LL_DevConnected
                0x08005182       0x16 ./Middlewares/ST/STM32_USB_Device_Library/Core/Src/usbd_core.o
                0x08005182                USBD_LL_DevConnected
 .text.USBD_LL_DevDisconnected
                0x08005198       0x46 ./Middlewares/ST/STM32_USB_Device_Library/Core/Src/usbd_core.o
                0x08005198                USBD_LL_DevDisconnected
 .text.USBD_CoreFindIF
                0x080051de       0x1a ./Middlewares/ST/STM32_USB_Device_Library/Core/Src/usbd_core.o
                0x080051de                USBD_CoreFindIF
 .text.USBD_CoreFindEP
                0x080051f8       0x1a ./Middlewares/ST/STM32_USB_Device_Library/Core/Src/usbd_core.o
                0x080051f8                USBD_CoreFindEP
 .text.USBD_GetEpDesc
                0x08005212       0x70 ./Middlewares/ST/STM32_USB_Device_Library/Core/Src/usbd_core.o
                0x08005212                USBD_GetEpDesc
 .text.USBD_GetNextDesc
                0x08005282       0x38 ./Middlewares/ST/STM32_USB_Device_Library/Core/Src/usbd_core.o
                0x08005282                USBD_GetNextDesc
 .text.SWAPBYTE
                0x080052ba       0x3c ./Middlewares/ST/STM32_USB_Device_Library/Core/Src/usbd_ctlreq.o
 *fill*         0x080052f6        0x2 
 .text.USBD_StdDevReq
                0x080052f8       0xe4 ./Middlewares/ST/STM32_USB_Device_Library/Core/Src/usbd_ctlreq.o
                0x080052f8                USBD_StdDevReq
 .text.USBD_StdItfReq
                0x080053dc       0xd8 ./Middlewares/ST/STM32_USB_Device_Library/Core/Src/usbd_ctlreq.o
                0x080053dc                USBD_StdItfReq
 .text.USBD_StdEPReq
                0x080054b4      0x33a ./Middlewares/ST/STM32_USB_Device_Library/Core/Src/usbd_ctlreq.o
                0x080054b4                USBD_StdEPReq
 *fill*         0x080057ee        0x2 
 .text.USBD_GetDescriptor
                0x080057f0      0x2d4 ./Middlewares/ST/STM32_USB_Device_Library/Core/Src/usbd_ctlreq.o
 .text.USBD_SetAddress
                0x08005ac4       0x88 ./Middlewares/ST/STM32_USB_Device_Library/Core/Src/usbd_ctlreq.o
 .text.USBD_SetConfig
                0x08005b4c      0x154 ./Middlewares/ST/STM32_USB_Device_Library/Core/Src/usbd_ctlreq.o
 .text.USBD_GetConfig
                0x08005ca0       0x6c ./Middlewares/ST/STM32_USB_Device_Library/Core/Src/usbd_ctlreq.o
 .text.USBD_GetStatus
                0x08005d0c       0x68 ./Middlewares/ST/STM32_USB_Device_Library/Core/Src/usbd_ctlreq.o
 .text.USBD_SetFeature
                0x08005d74       0x52 ./Middlewares/ST/STM32_USB_Device_Library/Core/Src/usbd_ctlreq.o
 .text.USBD_ClrFeature
                0x08005dc6       0x44 ./Middlewares/ST/STM32_USB_Device_Library/Core/Src/usbd_ctlreq.o
 .text.USBD_ParseSetupRequest
                0x08005e0a       0x74 ./Middlewares/ST/STM32_USB_Device_Library/Core/Src/usbd_ctlreq.o
                0x08005e0a                USBD_ParseSetupRequest
 .text.USBD_CtlError
                0x08005e7e       0x22 ./Middlewares/ST/STM32_USB_Device_Library/Core/Src/usbd_ctlreq.o
                0x08005e7e                USBD_CtlError
 .text.USBD_GetString
                0x08005ea0       0xa4 ./Middlewares/ST/STM32_USB_Device_Library/Core/Src/usbd_ctlreq.o
                0x08005ea0                USBD_GetString
 .text.USBD_GetLen
                0x08005f44       0x34 ./Middlewares/ST/STM32_USB_Device_Library/Core/Src/usbd_ctlreq.o
 .text.USBD_CtlSendData
                0x08005f78       0x36 ./Middlewares/ST/STM32_USB_Device_Library/Core/Src/usbd_ioreq.o
                0x08005f78                USBD_CtlSendData
 .text.USBD_CtlContinueSendData
                0x08005fae       0x22 ./Middlewares/ST/STM32_USB_Device_Library/Core/Src/usbd_ioreq.o
                0x08005fae                USBD_CtlContinueSendData
 .text.USBD_CtlPrepareRx
                0x08005fd0       0x3a ./Middlewares/ST/STM32_USB_Device_Library/Core/Src/usbd_ioreq.o
                0x08005fd0                USBD_CtlPrepareRx
 .text.USBD_CtlContinueRx
                0x0800600a       0x22 ./Middlewares/ST/STM32_USB_Device_Library/Core/Src/usbd_ioreq.o
                0x0800600a                USBD_CtlContinueRx
 .text.USBD_CtlSendStatus
                0x0800602c       0x26 ./Middlewares/ST/STM32_USB_Device_Library/Core/Src/usbd_ioreq.o
                0x0800602c                USBD_CtlSendStatus
 .text.USBD_CtlReceiveStatus
                0x08006052       0x26 ./Middlewares/ST/STM32_USB_Device_Library/Core/Src/usbd_ioreq.o
                0x08006052                USBD_CtlReceiveStatus
 .text.MX_USB_DEVICE_Init
                0x08006078       0x60 ./USB_DEVICE/App/usb_device.o
                0x08006078                MX_USB_DEVICE_Init
 .text.CDC_Init_FS
                0x080060d8       0x28 ./USB_DEVICE/App/usbd_cdc_if.o
 .text.CDC_DeInit_FS
                0x08006100       0x10 ./USB_DEVICE/App/usbd_cdc_if.o
 .text.CDC_Control_FS
                0x08006110       0xbc ./USB_DEVICE/App/usbd_cdc_if.o
 .text.CDC_Receive_FS
                0x080061cc       0x28 ./USB_DEVICE/App/usbd_cdc_if.o
 .text.CDC_TransmitCplt_FS
                0x080061f4       0x22 ./USB_DEVICE/App/usbd_cdc_if.o
 *fill*         0x08006216        0x2 
 .text.USBD_FS_DeviceDescriptor
                0x08006218       0x24 ./USB_DEVICE/App/usbd_desc.o
                0x08006218                USBD_FS_DeviceDescriptor
 .text.USBD_FS_LangIDStrDescriptor
                0x0800623c       0x24 ./USB_DEVICE/App/usbd_desc.o
                0x0800623c                USBD_FS_LangIDStrDescriptor
 .text.USBD_FS_ProductStrDescriptor
                0x08006260       0x3c ./USB_DEVICE/App/usbd_desc.o
                0x08006260                USBD_FS_ProductStrDescriptor
 .text.USBD_FS_ManufacturerStrDescriptor
                0x0800629c       0x28 ./USB_DEVICE/App/usbd_desc.o
                0x0800629c                USBD_FS_ManufacturerStrDescriptor
 .text.USBD_FS_SerialStrDescriptor
                0x080062c4       0x24 ./USB_DEVICE/App/usbd_desc.o
                0x080062c4                USBD_FS_SerialStrDescriptor
 .text.USBD_FS_ConfigStrDescriptor
                0x080062e8       0x3c ./USB_DEVICE/App/usbd_desc.o
                0x080062e8                USBD_FS_ConfigStrDescriptor
 .text.USBD_FS_InterfaceStrDescriptor
                0x08006324       0x3c ./USB_DEVICE/App/usbd_desc.o
                0x08006324                USBD_FS_InterfaceStrDescriptor
 .text.Get_SerialNum
                0x08006360       0x58 ./USB_DEVICE/App/usbd_desc.o
 .text.IntToUnicode
                0x080063b8       0x7e ./USB_DEVICE/App/usbd_desc.o
 *fill*         0x08006436        0x2 
 .text.HAL_PCD_MspInit
                0x08006438       0xa8 ./USB_DEVICE/Target/usbd_conf.o
                0x08006438                HAL_PCD_MspInit
 .text.HAL_PCD_SetupStageCallback
                0x080064e0       0x24 ./USB_DEVICE/Target/usbd_conf.o
                0x080064e0                HAL_PCD_SetupStageCallback
 .text.HAL_PCD_DataOutStageCallback
                0x08006504       0x36 ./USB_DEVICE/Target/usbd_conf.o
                0x08006504                HAL_PCD_DataOutStageCallback
 .text.HAL_PCD_DataInStageCallback
                0x0800653a       0x34 ./USB_DEVICE/Target/usbd_conf.o
                0x0800653a                HAL_PCD_DataInStageCallback
 .text.HAL_PCD_SOFCallback
                0x0800656e       0x1c ./USB_DEVICE/Target/usbd_conf.o
                0x0800656e                HAL_PCD_SOFCallback
 .text.HAL_PCD_ResetCallback
                0x0800658a       0x3c ./USB_DEVICE/Target/usbd_conf.o
                0x0800658a                HAL_PCD_ResetCallback
 *fill*         0x080065c6        0x2 
 .text.HAL_PCD_SuspendCallback
                0x080065c8       0x4c ./USB_DEVICE/Target/usbd_conf.o
                0x080065c8                HAL_PCD_SuspendCallback
 .text.HAL_PCD_ResumeCallback
                0x08006614       0x1c ./USB_DEVICE/Target/usbd_conf.o
                0x08006614                HAL_PCD_ResumeCallback
 .text.HAL_PCD_ISOOUTIncompleteCallback
                0x08006630       0x24 ./USB_DEVICE/Target/usbd_conf.o
                0x08006630                HAL_PCD_ISOOUTIncompleteCallback
 .text.HAL_PCD_ISOINIncompleteCallback
                0x08006654       0x24 ./USB_DEVICE/Target/usbd_conf.o
                0x08006654                HAL_PCD_ISOINIncompleteCallback
 .text.HAL_PCD_ConnectCallback
                0x08006678       0x1c ./USB_DEVICE/Target/usbd_conf.o
                0x08006678                HAL_PCD_ConnectCallback
 .text.HAL_PCD_DisconnectCallback
                0x08006694       0x1c ./USB_DEVICE/Target/usbd_conf.o
                0x08006694                HAL_PCD_DisconnectCallback
 .text.USBD_LL_Init
                0x080066b0       0x98 ./USB_DEVICE/Target/usbd_conf.o
                0x080066b0                USBD_LL_Init
 .text.USBD_LL_Start
                0x08006748       0x36 ./USB_DEVICE/Target/usbd_conf.o
                0x08006748                USBD_LL_Start
 .text.USBD_LL_OpenEP
                0x0800677e       0x4c ./USB_DEVICE/Target/usbd_conf.o
                0x0800677e                USBD_LL_OpenEP
 .text.USBD_LL_CloseEP
                0x080067ca       0x3e ./USB_DEVICE/Target/usbd_conf.o
                0x080067ca                USBD_LL_CloseEP
 .text.USBD_LL_StallEP
                0x08006808       0x3e ./USB_DEVICE/Target/usbd_conf.o
                0x08006808                USBD_LL_StallEP
 .text.USBD_LL_ClearStallEP
                0x08006846       0x3e ./USB_DEVICE/Target/usbd_conf.o
                0x08006846                USBD_LL_ClearStallEP
 .text.USBD_LL_IsStallEP
                0x08006884       0x58 ./USB_DEVICE/Target/usbd_conf.o
                0x08006884                USBD_LL_IsStallEP
 .text.USBD_LL_SetUSBAddress
                0x080068dc       0x3e ./USB_DEVICE/Target/usbd_conf.o
                0x080068dc                USBD_LL_SetUSBAddress
 .text.USBD_LL_Transmit
                0x0800691a       0x42 ./USB_DEVICE/Target/usbd_conf.o
                0x0800691a                USBD_LL_Transmit
 .text.USBD_LL_PrepareReceive
                0x0800695c       0x42 ./USB_DEVICE/Target/usbd_conf.o
                0x0800695c                USBD_LL_PrepareReceive
 .text.USBD_LL_GetRxDataSize
                0x0800699e       0x26 ./USB_DEVICE/Target/usbd_conf.o
                0x0800699e                USBD_LL_GetRxDataSize
 .text.USBD_static_malloc
                0x080069c4       0x1c ./USB_DEVICE/Target/usbd_conf.o
                0x080069c4                USBD_static_malloc
 .text.USBD_static_free
                0x080069e0       0x14 ./USB_DEVICE/Target/usbd_conf.o
                0x080069e0                USBD_static_free
 .text.USBD_Get_USB_Status
                0x080069f4       0x58 ./USB_DEVICE/Target/usbd_conf.o
                0x080069f4                USBD_Get_USB_Status
 .text.memset   0x08006a4c       0x10 D:/ST/STM32CubeIDE_1.16.1/STM32CubeIDE/plugins/com.st.stm32cube.ide.mcu.externaltools.gnu-tools-for-stm32.12.3.rel1.win32_1.1.0.202410251130/tools/bin/../lib/gcc/arm-none-eabi/12.3.1/../../../../arm-none-eabi/lib/thumb/v7e-m+fp/hard\libc_nano.a(libc_a-memset.o)
                0x08006a4c                memset
 .text.__libc_init_array
                0x08006a5c       0x48 D:/ST/STM32CubeIDE_1.16.1/STM32CubeIDE/plugins/com.st.stm32cube.ide.mcu.externaltools.gnu-tools-for-stm32.12.3.rel1.win32_1.1.0.202410251130/tools/bin/../lib/gcc/arm-none-eabi/12.3.1/../../../../arm-none-eabi/lib/thumb/v7e-m+fp/hard\libc_nano.a(libc_a-init.o)
                0x08006a5c                __libc_init_array
 *(.glue_7)
 .glue_7        0x08006aa4        0x0 linker stubs
 *(.glue_7t)
 .glue_7t       0x08006aa4        0x0 linker stubs
 *(.eh_frame)
 .eh_frame      0x08006aa4        0x0 D:/ST/STM32CubeIDE_1.16.1/STM32CubeIDE/plugins/com.st.stm32cube.ide.mcu.externaltools.gnu-tools-for-stm32.12.3.rel1.win32_1.1.0.202410251130/tools/bin/../lib/gcc/arm-none-eabi/12.3.1/thumb/v7e-m+fp/hard/crtbegin.o
 *(.init)
 .init          0x08006aa4        0x4 D:/ST/STM32CubeIDE_1.16.1/STM32CubeIDE/plugins/com.st.stm32cube.ide.mcu.externaltools.gnu-tools-for-stm32.12.3.rel1.win32_1.1.0.202410251130/tools/bin/../lib/gcc/arm-none-eabi/12.3.1/thumb/v7e-m+fp/hard/crti.o
                0x08006aa4                _init
 .init          0x08006aa8        0x8 D:/ST/STM32CubeIDE_1.16.1/STM32CubeIDE/plugins/com.st.stm32cube.ide.mcu.externaltools.gnu-tools-for-stm32.12.3.rel1.win32_1.1.0.202410251130/tools/bin/../lib/gcc/arm-none-eabi/12.3.1/thumb/v7e-m+fp/hard/crtn.o
 *(.fini)
 .fini          0x08006ab0        0x4 D:/ST/STM32CubeIDE_1.16.1/STM32CubeIDE/plugins/com.st.stm32cube.ide.mcu.externaltools.gnu-tools-for-stm32.12.3.rel1.win32_1.1.0.202410251130/tools/bin/../lib/gcc/arm-none-eabi/12.3.1/thumb/v7e-m+fp/hard/crti.o
                0x08006ab0                _fini
 .fini          0x08006ab4        0x8 D:/ST/STM32CubeIDE_1.16.1/STM32CubeIDE/plugins/com.st.stm32cube.ide.mcu.externaltools.gnu-tools-for-stm32.12.3.rel1.win32_1.1.0.202410251130/tools/bin/../lib/gcc/arm-none-eabi/12.3.1/thumb/v7e-m+fp/hard/crtn.o
                0x08006abc                        . = ALIGN (0x4)
                0x08006abc                        _etext = .

.vfp11_veneer   0x08006abc        0x0
 .vfp11_veneer  0x08006abc        0x0 linker stubs

.v4_bx          0x08006abc        0x0
 .v4_bx         0x08006abc        0x0 linker stubs

.iplt           0x08006abc        0x0
 .iplt          0x08006abc        0x0 D:/ST/STM32CubeIDE_1.16.1/STM32CubeIDE/plugins/com.st.stm32cube.ide.mcu.externaltools.gnu-tools-for-stm32.12.3.rel1.win32_1.1.0.202410251130/tools/bin/../lib/gcc/arm-none-eabi/12.3.1/thumb/v7e-m+fp/hard/crtbegin.o

.rodata         0x08006abc       0x58
                0x08006abc                        . = ALIGN (0x4)
 *(.rodata)
 .rodata        0x08006abc       0x46 ./USB_DEVICE/App/usbd_desc.o
 *(.rodata*)
 *fill*         0x08006b02        0x2 
 .rodata.AHBPrescTable
                0x08006b04       0x10 ./Core/Src/system_stm32f4xx.o
                0x08006b04                AHBPrescTable
                0x08006b14                        . = ALIGN (0x4)

.ARM.extab      0x08006b14        0x0
                0x08006b14                        . = ALIGN (0x4)
 *(.ARM.extab* .gnu.linkonce.armextab.*)
                0x08006b14                        . = ALIGN (0x4)

.ARM            0x08006b14        0x8
                0x08006b14                        . = ALIGN (0x4)
                0x08006b14                        __exidx_start = .
 *(.ARM.exidx*)
 .ARM.exidx     0x08006b14        0x8 D:/ST/STM32CubeIDE_1.16.1/STM32CubeIDE/plugins/com.st.stm32cube.ide.mcu.externaltools.gnu-tools-for-stm32.12.3.rel1.win32_1.1.0.202410251130/tools/bin/../lib/gcc/arm-none-eabi/12.3.1/thumb/v7e-m+fp/hard\libgcc.a(_udivmoddi4.o)
                0x08006b1c                        __exidx_end = .
                0x08006b1c                        . = ALIGN (0x4)

.preinit_array  0x08006b1c        0x0
                0x08006b1c                        . = ALIGN (0x4)
                0x08006b1c                        PROVIDE (__preinit_array_start = .)
 *(.preinit_array*)
                0x08006b1c                        PROVIDE (__preinit_array_end = .)
                0x08006b1c                        . = ALIGN (0x4)

.init_array     0x08006b1c        0x4
                0x08006b1c                        . = ALIGN (0x4)
                0x08006b1c                        PROVIDE (__init_array_start = .)
 *(SORT_BY_NAME(.init_array.*))
 *(.init_array*)
 .init_array    0x08006b1c        0x4 D:/ST/STM32CubeIDE_1.16.1/STM32CubeIDE/plugins/com.st.stm32cube.ide.mcu.externaltools.gnu-tools-for-stm32.12.3.rel1.win32_1.1.0.202410251130/tools/bin/../lib/gcc/arm-none-eabi/12.3.1/thumb/v7e-m+fp/hard/crtbegin.o
                0x08006b20                        PROVIDE (__init_array_end = .)
                0x08006b20                        . = ALIGN (0x4)

.fini_array     0x08006b20        0x4
                0x08006b20                        . = ALIGN (0x4)
                [!provide]                        PROVIDE (__fini_array_start = .)
 *(SORT_BY_NAME(.fini_array.*))
 *(.fini_array*)
 .fini_array    0x08006b20        0x4 D:/ST/STM32CubeIDE_1.16.1/STM32CubeIDE/plugins/com.st.stm32cube.ide.mcu.externaltools.gnu-tools-for-stm32.12.3.rel1.win32_1.1.0.202410251130/tools/bin/../lib/gcc/arm-none-eabi/12.3.1/thumb/v7e-m+fp/hard/crtbegin.o
                [!provide]                        PROVIDE (__fini_array_end = .)
                0x08006b24                        . = ALIGN (0x4)
                0x08006b24                        _sidata = LOADADDR (.data)

.rel.dyn        0x08006b24        0x0
 .rel.iplt      0x08006b24        0x0 D:/ST/STM32CubeIDE_1.16.1/STM32CubeIDE/plugins/com.st.stm32cube.ide.mcu.externaltools.gnu-tools-for-stm32.12.3.rel1.win32_1.1.0.202410251130/tools/bin/../lib/gcc/arm-none-eabi/12.3.1/thumb/v7e-m+fp/hard/crtbegin.o

.data           0x20000000       0xfc load address 0x08006b24
                0x20000000                        . = ALIGN (0x4)
                0x20000000                        _sdata = .
 *(.data)
 *(.data*)
 .data.SystemCoreClock
                0x20000000        0x4 ./Core/Src/system_stm32f4xx.o
                0x20000000                SystemCoreClock
 .data.uwTickPrio
                0x20000004        0x4 ./Drivers/STM32F4xx_HAL_Driver/Src/stm32f4xx_hal.o
                0x20000004                uwTickPrio
 .data.uwTickFreq
                0x20000008        0x1 ./Drivers/STM32F4xx_HAL_Driver/Src/stm32f4xx_hal.o
                0x20000008                uwTickFreq
 *fill*         0x20000009        0x3 
 .data.USBD_CDC_DeviceQualifierDesc
                0x2000000c        0xa ./Middlewares/ST/STM32_USB_Device_Library/Class/CDC/Src/usbd_cdc.o
 *fill*         0x20000016        0x2 
 .data.USBD_CDC
                0x20000018       0x38 ./Middlewares/ST/STM32_USB_Device_Library/Class/CDC/Src/usbd_cdc.o
                0x20000018                USBD_CDC
 .data.USBD_CDC_CfgDesc
                0x20000050       0x43 ./Middlewares/ST/STM32_USB_Device_Library/Class/CDC/Src/usbd_cdc.o
 .data.CDCInEpAdd
                0x20000093        0x1 ./Middlewares/ST/STM32_USB_Device_Library/Class/CDC/Src/usbd_cdc.o
 .data.CDCOutEpAdd
                0x20000094        0x1 ./Middlewares/ST/STM32_USB_Device_Library/Class/CDC/Src/usbd_cdc.o
 .data.CDCCmdEpAdd
                0x20000095        0x1 ./Middlewares/ST/STM32_USB_Device_Library/Class/CDC/Src/usbd_cdc.o
 *fill*         0x20000096        0x2 
 .data.USBD_Interface_fops_FS
                0x20000098       0x14 ./USB_DEVICE/App/usbd_cdc_if.o
                0x20000098                USBD_Interface_fops_FS
 .data.FS_Desc  0x200000ac       0x1c ./USB_DEVICE/App/usbd_desc.o
                0x200000ac                FS_Desc
 .data.USBD_FS_DeviceDesc
                0x200000c8       0x12 ./USB_DEVICE/App/usbd_desc.o
                0x200000c8                USBD_FS_DeviceDesc
 *fill*         0x200000da        0x2 
 .data.USBD_LangIDDesc
                0x200000dc        0x4 ./USB_DEVICE/App/usbd_desc.o
                0x200000dc                USBD_LangIDDesc
 .data.USBD_StringSerial
                0x200000e0       0x1a ./USB_DEVICE/App/usbd_desc.o
                0x200000e0                USBD_StringSerial
 *(.RamFunc)
 *(.RamFunc*)
                0x200000fc                        . = ALIGN (0x4)
 *fill*         0x200000fa        0x2 
                0x200000fc                        _edata = .

.igot.plt       0x200000fc        0x0 load address 0x08006c20
 .igot.plt      0x200000fc        0x0 D:/ST/STM32CubeIDE_1.16.1/STM32CubeIDE/plugins/com.st.stm32cube.ide.mcu.externaltools.gnu-tools-for-stm32.12.3.rel1.win32_1.1.0.202410251130/tools/bin/../lib/gcc/arm-none-eabi/12.3.1/thumb/v7e-m+fp/hard/crtbegin.o
                0x200000fc                        . = ALIGN (0x4)

.bss            0x200000fc     0x1404 load address 0x08006c20
                0x200000fc                        _sbss = .
                0x200000fc                        __bss_start__ = _sbss
 *(.bss)
 .bss           0x200000fc       0x1c D:/ST/STM32CubeIDE_1.16.1/STM32CubeIDE/plugins/com.st.stm32cube.ide.mcu.externaltools.gnu-tools-for-stm32.12.3.rel1.win32_1.1.0.202410251130/tools/bin/../lib/gcc/arm-none-eabi/12.3.1/thumb/v7e-m+fp/hard/crtbegin.o
 *(.bss*)
 .bss.uwTick    0x20000118        0x4 ./Drivers/STM32F4xx_HAL_Driver/Src/stm32f4xx_hal.o
                0x20000118                uwTick
 .bss.cfgidx.0  0x2000011c        0x1 ./Middlewares/ST/STM32_USB_Device_Library/Core/Src/usbd_ctlreq.o
 *fill*         0x2000011d        0x3 
 .bss.hUsbDeviceFS
                0x20000120      0x2dc ./USB_DEVICE/App/usb_device.o
                0x20000120                hUsbDeviceFS
 .bss.UserRxBufferFS
                0x200003fc      0x400 ./USB_DEVICE/App/usbd_cdc_if.o
                0x200003fc                UserRxBufferFS
 .bss.UserTxBufferFS
                0x200007fc      0x400 ./USB_DEVICE/App/usbd_cdc_if.o
                0x200007fc                UserTxBufferFS
 .bss.USBD_StrDesc
                0x20000bfc      0x200 ./USB_DEVICE/App/usbd_desc.o
                0x20000bfc                USBD_StrDesc
 .bss.hpcd_USB_OTG_FS
                0x20000dfc      0x4e4 ./USB_DEVICE/Target/usbd_conf.o
                0x20000dfc                hpcd_USB_OTG_FS
 .bss.mem.0     0x200012e0      0x220 ./USB_DEVICE/Target/usbd_conf.o
 *(COMMON)
                0x20001500                        . = ALIGN (0x4)
                0x20001500                        _ebss = .
                0x20001500                        __bss_end__ = _ebss

._user_heap_stack
                0x20001500      0x600 load address 0x08006c20
                0x20001500                        . = ALIGN (0x8)
                [!provide]                        PROVIDE (end = .)
                0x20001500                        PROVIDE (_end = .)
                0x20001700                        . = (. + _Min_Heap_Size)
 *fill*         0x20001500      0x200 
                0x20001b00                        . = (. + _Min_Stack_Size)
 *fill*         0x20001700      0x400 
                0x20001b00                        . = ALIGN (0x8)

/DISCARD/
 libc.a(*)
 libm.a(*)
 libgcc.a(*)

.ARM.attributes
                0x00000000       0x30
 *(.ARM.attributes)
 .ARM.attributes
                0x00000000       0x22 D:/ST/STM32CubeIDE_1.16.1/STM32CubeIDE/plugins/com.st.stm32cube.ide.mcu.externaltools.gnu-tools-for-stm32.12.3.rel1.win32_1.1.0.202410251130/tools/bin/../lib/gcc/arm-none-eabi/12.3.1/thumb/v7e-m+fp/hard/crti.o
 .ARM.attributes
                0x00000022       0x34 D:/ST/STM32CubeIDE_1.16.1/STM32CubeIDE/plugins/com.st.stm32cube.ide.mcu.externaltools.gnu-tools-for-stm32.12.3.rel1.win32_1.1.0.202410251130/tools/bin/../lib/gcc/arm-none-eabi/12.3.1/thumb/v7e-m+fp/hard/crtbegin.o
 .ARM.attributes
                0x00000056       0x34 ./Core/Src/gpio.o
 .ARM.attributes
                0x0000008a       0x34 ./Core/Src/main.o
 .ARM.attributes
                0x000000be       0x34 ./Core/Src/stm32f4xx_hal_msp.o
 .ARM.attributes
                0x000000f2       0x34 ./Core/Src/stm32f4xx_it.o
 .ARM.attributes
                0x00000126       0x34 ./Core/Src/system_stm32f4xx.o
 .ARM.attributes
                0x0000015a       0x21 ./Core/Startup/startup_stm32f401rctx.o
 .ARM.attributes
                0x0000017b       0x34 ./Drivers/STM32F4xx_HAL_Driver/Src/stm32f4xx_hal.o
 .ARM.attributes
                0x000001af       0x34 ./Drivers/STM32F4xx_HAL_Driver/Src/stm32f4xx_hal_cortex.o
 .ARM.attributes
                0x000001e3       0x34 ./Drivers/STM32F4xx_HAL_Driver/Src/stm32f4xx_hal_gpio.o
 .ARM.attributes
                0x00000217       0x34 ./Drivers/STM32F4xx_HAL_Driver/Src/stm32f4xx_hal_pcd.o
 .ARM.attributes
                0x0000024b       0x34 ./Drivers/STM32F4xx_HAL_Driver/Src/stm32f4xx_hal_pcd_ex.o
 .ARM.attributes
                0x0000027f       0x34 ./Drivers/STM32F4xx_HAL_Driver/Src/stm32f4xx_hal_rcc.o
 .ARM.attributes
                0x000002b3       0x34 ./Drivers/STM32F4xx_HAL_Driver/Src/stm32f4xx_ll_usb.o
 .ARM.attributes
                0x000002e7       0x34 ./Middlewares/ST/STM32_USB_Device_Library/Class/CDC/Src/usbd_cdc.o
 .ARM.attributes
                0x0000031b       0x34 ./Middlewares/ST/STM32_USB_Device_Library/Core/Src/usbd_core.o
 .ARM.attributes
                0x0000034f       0x34 ./Middlewares/ST/STM32_USB_Device_Library/Core/Src/usbd_ctlreq.o
 .ARM.attributes
                0x00000383       0x34 ./Middlewares/ST/STM32_USB_Device_Library/Core/Src/usbd_ioreq.o
 .ARM.attributes
                0x000003b7       0x34 ./USB_DEVICE/App/usb_device.o
 .ARM.attributes
                0x000003eb       0x34 ./USB_DEVICE/App/usbd_cdc_if.o
 .ARM.attributes
                0x0000041f       0x34 ./USB_DEVICE/App/usbd_desc.o
 .ARM.attributes
                0x00000453       0x34 ./USB_DEVICE/Target/usbd_conf.o
 .ARM.attributes
                0x00000487       0x34 D:/ST/STM32CubeIDE_1.16.1/STM32CubeIDE/plugins/com.st.stm32cube.ide.mcu.externaltools.gnu-tools-for-stm32.12.3.rel1.win32_1.1.0.202410251130/tools/bin/../lib/gcc/arm-none-eabi/12.3.1/../../../../arm-none-eabi/lib/thumb/v7e-m+fp/hard\libc_nano.a(libc_a-memset.o)
 .ARM.attributes
                0x000004bb       0x34 D:/ST/STM32CubeIDE_1.16.1/STM32CubeIDE/plugins/com.st.stm32cube.ide.mcu.externaltools.gnu-tools-for-stm32.12.3.rel1.win32_1.1.0.202410251130/tools/bin/../lib/gcc/arm-none-eabi/12.3.1/../../../../arm-none-eabi/lib/thumb/v7e-m+fp/hard\libc_nano.a(libc_a-init.o)
 .ARM.attributes
                0x000004ef       0x22 D:/ST/STM32CubeIDE_1.16.1/STM32CubeIDE/plugins/com.st.stm32cube.ide.mcu.externaltools.gnu-tools-for-stm32.12.3.rel1.win32_1.1.0.202410251130/tools/bin/../lib/gcc/arm-none-eabi/12.3.1/thumb/v7e-m+fp/hard\libgcc.a(_aeabi_uldivmod.o)
 .ARM.attributes
                0x00000511       0x34 D:/ST/STM32CubeIDE_1.16.1/STM32CubeIDE/plugins/com.st.stm32cube.ide.mcu.externaltools.gnu-tools-for-stm32.12.3.rel1.win32_1.1.0.202410251130/tools/bin/../lib/gcc/arm-none-eabi/12.3.1/thumb/v7e-m+fp/hard\libgcc.a(_udivmoddi4.o)
 .ARM.attributes
                0x00000545       0x22 D:/ST/STM32CubeIDE_1.16.1/STM32CubeIDE/plugins/com.st.stm32cube.ide.mcu.externaltools.gnu-tools-for-stm32.12.3.rel1.win32_1.1.0.202410251130/tools/bin/../lib/gcc/arm-none-eabi/12.3.1/thumb/v7e-m+fp/hard\libgcc.a(_dvmd_tls.o)
 .ARM.attributes
                0x00000567       0x22 D:/ST/STM32CubeIDE_1.16.1/STM32CubeIDE/plugins/com.st.stm32cube.ide.mcu.externaltools.gnu-tools-for-stm32.12.3.rel1.win32_1.1.0.202410251130/tools/bin/../lib/gcc/arm-none-eabi/12.3.1/thumb/v7e-m+fp/hard/crtn.o
OUTPUT(f4learn.elf elf32-littlearm)
LOAD linker stubs
LOAD D:/ST/STM32CubeIDE_1.16.1/STM32CubeIDE/plugins/com.st.stm32cube.ide.mcu.externaltools.gnu-tools-for-stm32.12.3.rel1.win32_1.1.0.202410251130/tools/bin/../lib/gcc/arm-none-eabi/12.3.1/../../../../arm-none-eabi/lib/thumb/v7e-m+fp/hard\libc.a
LOAD D:/ST/STM32CubeIDE_1.16.1/STM32CubeIDE/plugins/com.st.stm32cube.ide.mcu.externaltools.gnu-tools-for-stm32.12.3.rel1.win32_1.1.0.202410251130/tools/bin/../lib/gcc/arm-none-eabi/12.3.1/../../../../arm-none-eabi/lib/thumb/v7e-m+fp/hard\libm.a
LOAD D:/ST/STM32CubeIDE_1.16.1/STM32CubeIDE/plugins/com.st.stm32cube.ide.mcu.externaltools.gnu-tools-for-stm32.12.3.rel1.win32_1.1.0.202410251130/tools/bin/../lib/gcc/arm-none-eabi/12.3.1/thumb/v7e-m+fp/hard\libgcc.a

.debug_info     0x00000000     0xd46f
 .debug_info    0x00000000      0x2ac ./Core/Src/gpio.o
 .debug_info    0x000002ac      0x4e1 ./Core/Src/main.o
 .debug_info    0x0000078d      0x291 ./Core/Src/stm32f4xx_hal_msp.o
 .debug_info    0x00000a1e      0x627 ./Core/Src/stm32f4xx_it.o
 .debug_info    0x00001045      0x53e ./Core/Src/system_stm32f4xx.o
 .debug_info    0x00001583       0x30 ./Core/Startup/startup_stm32f401rctx.o
 .debug_info    0x000015b3      0x8bb ./Drivers/STM32F4xx_HAL_Driver/Src/stm32f4xx_hal.o
 .debug_info    0x00001e6e      0xcf6 ./Drivers/STM32F4xx_HAL_Driver/Src/stm32f4xx_hal_cortex.o
 .debug_info    0x00002b64      0x6f9 ./Drivers/STM32F4xx_HAL_Driver/Src/stm32f4xx_hal_gpio.o
 .debug_info    0x0000325d     0x1577 ./Drivers/STM32F4xx_HAL_Driver/Src/stm32f4xx_hal_pcd.o
 .debug_info    0x000047d4      0x6ea ./Drivers/STM32F4xx_HAL_Driver/Src/stm32f4xx_hal_pcd_ex.o
 .debug_info    0x00004ebe      0x8f1 ./Drivers/STM32F4xx_HAL_Driver/Src/stm32f4xx_hal_rcc.o
 .debug_info    0x000057af     0x1993 ./Drivers/STM32F4xx_HAL_Driver/Src/stm32f4xx_ll_usb.o
 .debug_info    0x00007142     0x12a3 ./Middlewares/ST/STM32_USB_Device_Library/Class/CDC/Src/usbd_cdc.o
 .debug_info    0x000083e5      0xe05 ./Middlewares/ST/STM32_USB_Device_Library/Core/Src/usbd_core.o
 .debug_info    0x000091ea      0xade ./Middlewares/ST/STM32_USB_Device_Library/Core/Src/usbd_ctlreq.o
 .debug_info    0x00009cc8      0x755 ./Middlewares/ST/STM32_USB_Device_Library/Core/Src/usbd_ioreq.o
 .debug_info    0x0000a41d      0x701 ./USB_DEVICE/App/usb_device.o
 .debug_info    0x0000ab1e      0x8fa ./USB_DEVICE/App/usbd_cdc_if.o
 .debug_info    0x0000b418      0x458 ./USB_DEVICE/App/usbd_desc.o
 .debug_info    0x0000b870     0x1bff ./USB_DEVICE/Target/usbd_conf.o

.debug_abbrev   0x00000000     0x2a46
 .debug_abbrev  0x00000000       0xd8 ./Core/Src/gpio.o
 .debug_abbrev  0x000000d8      0x1d7 ./Core/Src/main.o
 .debug_abbrev  0x000002af       0xd8 ./Core/Src/stm32f4xx_hal_msp.o
 .debug_abbrev  0x00000387      0x1a4 ./Core/Src/stm32f4xx_it.o
 .debug_abbrev  0x0000052b      0x11a ./Core/Src/system_stm32f4xx.o
 .debug_abbrev  0x00000645       0x24 ./Core/Startup/startup_stm32f401rctx.o
 .debug_abbrev  0x00000669      0x24b ./Drivers/STM32F4xx_HAL_Driver/Src/stm32f4xx_hal.o
 .debug_abbrev  0x000008b4      0x31d ./Drivers/STM32F4xx_HAL_Driver/Src/stm32f4xx_hal_cortex.o
 .debug_abbrev  0x00000bd1      0x1d3 ./Drivers/STM32F4xx_HAL_Driver/Src/stm32f4xx_hal_gpio.o
 .debug_abbrev  0x00000da4      0x2b6 ./Drivers/STM32F4xx_HAL_Driver/Src/stm32f4xx_hal_pcd.o
 .debug_abbrev  0x0000105a      0x1da ./Drivers/STM32F4xx_HAL_Driver/Src/stm32f4xx_hal_pcd_ex.o
 .debug_abbrev  0x00001234      0x2b6 ./Drivers/STM32F4xx_HAL_Driver/Src/stm32f4xx_hal_rcc.o
 .debug_abbrev  0x000014ea      0x2b3 ./Drivers/STM32F4xx_HAL_Driver/Src/stm32f4xx_ll_usb.o
 .debug_abbrev  0x0000179d      0x2d2 ./Middlewares/ST/STM32_USB_Device_Library/Class/CDC/Src/usbd_cdc.o
 .debug_abbrev  0x00001a6f      0x27c ./Middlewares/ST/STM32_USB_Device_Library/Core/Src/usbd_core.o
 .debug_abbrev  0x00001ceb      0x26f ./Middlewares/ST/STM32_USB_Device_Library/Core/Src/usbd_ctlreq.o
 .debug_abbrev  0x00001f5a      0x19a ./Middlewares/ST/STM32_USB_Device_Library/Core/Src/usbd_ioreq.o
 .debug_abbrev  0x000020f4      0x195 ./USB_DEVICE/App/usb_device.o
 .debug_abbrev  0x00002289      0x29d ./USB_DEVICE/App/usbd_cdc_if.o
 .debug_abbrev  0x00002526      0x1e1 ./USB_DEVICE/App/usbd_desc.o
 .debug_abbrev  0x00002707      0x33f ./USB_DEVICE/Target/usbd_conf.o

.debug_aranges  0x00000000      0xb68
 .debug_aranges
                0x00000000       0x20 ./Core/Src/gpio.o
 .debug_aranges
                0x00000020       0x30 ./Core/Src/main.o
 .debug_aranges
                0x00000050       0x20 ./Core/Src/stm32f4xx_hal_msp.o
 .debug_aranges
                0x00000070       0x68 ./Core/Src/stm32f4xx_it.o
 .debug_aranges
                0x000000d8       0x28 ./Core/Src/system_stm32f4xx.o
 .debug_aranges
                0x00000100       0x28 ./Core/Startup/startup_stm32f401rctx.o
 .debug_aranges
                0x00000128       0xf0 ./Drivers/STM32F4xx_HAL_Driver/Src/stm32f4xx_hal.o
 .debug_aranges
                0x00000218      0x130 ./Drivers/STM32F4xx_HAL_Driver/Src/stm32f4xx_hal_cortex.o
 .debug_aranges
                0x00000348       0x58 ./Drivers/STM32F4xx_HAL_Driver/Src/stm32f4xx_hal_gpio.o
 .debug_aranges
                0x000003a0      0x148 ./Drivers/STM32F4xx_HAL_Driver/Src/stm32f4xx_hal_pcd.o
 .debug_aranges
                0x000004e8       0x38 ./Drivers/STM32F4xx_HAL_Driver/Src/stm32f4xx_hal_pcd_ex.o
 .debug_aranges
                0x00000520       0x88 ./Drivers/STM32F4xx_HAL_Driver/Src/stm32f4xx_hal_rcc.o
 .debug_aranges
                0x000005a8      0x1a0 ./Drivers/STM32F4xx_HAL_Driver/Src/stm32f4xx_ll_usb.o
 .debug_aranges
                0x00000748       0x90 ./Middlewares/ST/STM32_USB_Device_Library/Class/CDC/Src/usbd_cdc.o
 .debug_aranges
                0x000007d8       0xd8 ./Middlewares/ST/STM32_USB_Device_Library/Core/Src/usbd_core.o
 .debug_aranges
                0x000008b0       0x90 ./Middlewares/ST/STM32_USB_Device_Library/Core/Src/usbd_ctlreq.o
 .debug_aranges
                0x00000940       0x50 ./Middlewares/ST/STM32_USB_Device_Library/Core/Src/usbd_ioreq.o
 .debug_aranges
                0x00000990       0x20 ./USB_DEVICE/App/usb_device.o
 .debug_aranges
                0x000009b0       0x48 ./USB_DEVICE/App/usbd_cdc_if.o
 .debug_aranges
                0x000009f8       0x60 ./USB_DEVICE/App/usbd_desc.o
 .debug_aranges
                0x00000a58      0x110 ./USB_DEVICE/Target/usbd_conf.o

.debug_rnglists
                0x00000000      0x860
 .debug_rnglists
                0x00000000       0x13 ./Core/Src/gpio.o
 .debug_rnglists
                0x00000013       0x20 ./Core/Src/main.o
 .debug_rnglists
                0x00000033       0x13 ./Core/Src/stm32f4xx_hal_msp.o
 .debug_rnglists
                0x00000046       0x49 ./Core/Src/stm32f4xx_it.o
 .debug_rnglists
                0x0000008f       0x1a ./Core/Src/system_stm32f4xx.o
 .debug_rnglists
                0x000000a9       0x19 ./Core/Startup/startup_stm32f401rctx.o
 .debug_rnglists
                0x000000c2       0xaf ./Drivers/STM32F4xx_HAL_Driver/Src/stm32f4xx_hal.o
 .debug_rnglists
                0x00000171       0xe0 ./Drivers/STM32F4xx_HAL_Driver/Src/stm32f4xx_hal_cortex.o
 .debug_rnglists
                0x00000251       0x3f ./Drivers/STM32F4xx_HAL_Driver/Src/stm32f4xx_hal_gpio.o
 .debug_rnglists
                0x00000290       0xfa ./Drivers/STM32F4xx_HAL_Driver/Src/stm32f4xx_hal_pcd.o
 .debug_rnglists
                0x0000038a       0x26 ./Drivers/STM32F4xx_HAL_Driver/Src/stm32f4xx_hal_pcd_ex.o
 .debug_rnglists
                0x000003b0       0x66 ./Drivers/STM32F4xx_HAL_Driver/Src/stm32f4xx_hal_rcc.o
 .debug_rnglists
                0x00000416      0x147 ./Drivers/STM32F4xx_HAL_Driver/Src/stm32f4xx_ll_usb.o
 .debug_rnglists
                0x0000055d       0x6c ./Middlewares/ST/STM32_USB_Device_Library/Class/CDC/Src/usbd_cdc.o
 .debug_rnglists
                0x000005c9       0xa1 ./Middlewares/ST/STM32_USB_Device_Library/Core/Src/usbd_core.o
 .debug_rnglists
                0x0000066a       0x6e ./Middlewares/ST/STM32_USB_Device_Library/Core/Src/usbd_ctlreq.o
 .debug_rnglists
                0x000006d8       0x37 ./Middlewares/ST/STM32_USB_Device_Library/Core/Src/usbd_ioreq.o
 .debug_rnglists
                0x0000070f       0x13 ./USB_DEVICE/App/usb_device.o
 .debug_rnglists
                0x00000722       0x32 ./USB_DEVICE/App/usbd_cdc_if.o
 .debug_rnglists
                0x00000754       0x43 ./USB_DEVICE/App/usbd_desc.o
 .debug_rnglists
                0x00000797       0xc9 ./USB_DEVICE/Target/usbd_conf.o

.debug_macro    0x00000000    0x17c3b
 .debug_macro   0x00000000      0x1e8 ./Core/Src/gpio.o
 .debug_macro   0x000001e8      0xab4 ./Core/Src/gpio.o
 .debug_macro   0x00000c9c      0x295 ./Core/Src/gpio.o
 .debug_macro   0x00000f31       0x2e ./Core/Src/gpio.o
 .debug_macro   0x00000f5f       0x28 ./Core/Src/gpio.o
 .debug_macro   0x00000f87       0x22 ./Core/Src/gpio.o
 .debug_macro   0x00000fa9       0x8e ./Core/Src/gpio.o
 .debug_macro   0x00001037       0x51 ./Core/Src/gpio.o
 .debug_macro   0x00001088      0x103 ./Core/Src/gpio.o
 .debug_macro   0x0000118b       0x6a ./Core/Src/gpio.o
 .debug_macro   0x000011f5      0x1df ./Core/Src/gpio.o
 .debug_macro   0x000013d4       0x1c ./Core/Src/gpio.o
 .debug_macro   0x000013f0       0x22 ./Core/Src/gpio.o
 .debug_macro   0x00001412       0xfb ./Core/Src/gpio.o
 .debug_macro   0x0000150d     0x1011 ./Core/Src/gpio.o
 .debug_macro   0x0000251e      0x11f ./Core/Src/gpio.o
 .debug_macro   0x0000263d     0xb86c ./Core/Src/gpio.o
 .debug_macro   0x0000dea9       0x6d ./Core/Src/gpio.o
 .debug_macro   0x0000df16     0x369a ./Core/Src/gpio.o
 .debug_macro   0x000115b0      0x189 ./Core/Src/gpio.o
 .debug_macro   0x00011739       0x5c ./Core/Src/gpio.o
 .debug_macro   0x00011795      0x416 ./Core/Src/gpio.o
 .debug_macro   0x00011bab      0x9e9 ./Core/Src/gpio.o
 .debug_macro   0x00012594      0x115 ./Core/Src/gpio.o
 .debug_macro   0x000126a9       0xf8 ./Core/Src/gpio.o
 .debug_macro   0x000127a1       0xa5 ./Core/Src/gpio.o
 .debug_macro   0x00012846      0x15f ./Core/Src/gpio.o
 .debug_macro   0x000129a5      0x287 ./Core/Src/gpio.o
 .debug_macro   0x00012c2c       0x5f ./Core/Src/gpio.o
 .debug_macro   0x00012c8b      0x236 ./Core/Src/gpio.o
 .debug_macro   0x00012ec1      0x132 ./Core/Src/gpio.o
 .debug_macro   0x00012ff3      0x23a ./Core/Src/gpio.o
 .debug_macro   0x0001322d       0x2e ./Core/Src/gpio.o
 .debug_macro   0x0001325b      0x127 ./Core/Src/gpio.o
 .debug_macro   0x00013382       0x85 ./Core/Src/gpio.o
 .debug_macro   0x00013407       0x89 ./Core/Src/gpio.o
 .debug_macro   0x00013490      0x293 ./Core/Src/gpio.o
 .debug_macro   0x00013723       0xba ./Core/Src/gpio.o
 .debug_macro   0x000137dd      0x126 ./Core/Src/gpio.o
 .debug_macro   0x00013903      0x350 ./Core/Src/main.o
 .debug_macro   0x00013c53       0x61 ./Core/Src/main.o
 .debug_macro   0x00013cb4       0x2a ./Core/Src/main.o
 .debug_macro   0x00013cde       0x43 ./Core/Src/main.o
 .debug_macro   0x00013d21       0x34 ./Core/Src/main.o
 .debug_macro   0x00013d55       0x16 ./Core/Src/main.o
 .debug_macro   0x00013d6b       0x35 ./Core/Src/main.o
 .debug_macro   0x00013da0      0x369 ./Core/Src/main.o
 .debug_macro   0x00014109       0x10 ./Core/Src/main.o
 .debug_macro   0x00014119       0x16 ./Core/Src/main.o
 .debug_macro   0x0001412f       0x43 ./Core/Src/main.o
 .debug_macro   0x00014172       0x34 ./Core/Src/main.o
 .debug_macro   0x000141a6       0x10 ./Core/Src/main.o
 .debug_macro   0x000141b6       0x58 ./Core/Src/main.o
 .debug_macro   0x0001420e       0x8e ./Core/Src/main.o
 .debug_macro   0x0001429c       0x1c ./Core/Src/main.o
 .debug_macro   0x000142b8      0x177 ./Core/Src/main.o
 .debug_macro   0x0001442f       0x16 ./Core/Src/main.o
 .debug_macro   0x00014445       0x16 ./Core/Src/main.o
 .debug_macro   0x0001445b      0x146 ./Core/Src/main.o
 .debug_macro   0x000145a1       0x16 ./Core/Src/main.o
 .debug_macro   0x000145b7       0x16 ./Core/Src/main.o
 .debug_macro   0x000145cd       0x29 ./Core/Src/main.o
 .debug_macro   0x000145f6       0x16 ./Core/Src/main.o
 .debug_macro   0x0001460c       0x20 ./Core/Src/main.o
 .debug_macro   0x0001462c       0x65 ./Core/Src/main.o
 .debug_macro   0x00014691      0x20f ./Core/Src/main.o
 .debug_macro   0x000148a0      0x1de ./Core/Src/stm32f4xx_hal_msp.o
 .debug_macro   0x00014a7e      0x1e8 ./Core/Src/stm32f4xx_it.o
 .debug_macro   0x00014c66      0x1d4 ./Core/Src/system_stm32f4xx.o
 .debug_macro   0x00014e3a      0x234 ./Drivers/STM32F4xx_HAL_Driver/Src/stm32f4xx_hal.o
 .debug_macro   0x0001506e      0x1d4 ./Drivers/STM32F4xx_HAL_Driver/Src/stm32f4xx_hal_cortex.o
 .debug_macro   0x00015242      0x1da ./Drivers/STM32F4xx_HAL_Driver/Src/stm32f4xx_hal_gpio.o
 .debug_macro   0x0001541c      0x1e0 ./Drivers/STM32F4xx_HAL_Driver/Src/stm32f4xx_hal_pcd.o
 .debug_macro   0x000155fc      0x1d4 ./Drivers/STM32F4xx_HAL_Driver/Src/stm32f4xx_hal_pcd_ex.o
 .debug_macro   0x000157d0      0x1f8 ./Drivers/STM32F4xx_HAL_Driver/Src/stm32f4xx_hal_rcc.o
 .debug_macro   0x000159c8      0x1d4 ./Drivers/STM32F4xx_HAL_Driver/Src/stm32f4xx_ll_usb.o
 .debug_macro   0x00015b9c      0x36d ./Middlewares/ST/STM32_USB_Device_Library/Class/CDC/Src/usbd_cdc.o
 .debug_macro   0x00015f09       0x9e ./Middlewares/ST/STM32_USB_Device_Library/Class/CDC/Src/usbd_cdc.o
 .debug_macro   0x00015fa7      0x10b ./Middlewares/ST/STM32_USB_Device_Library/Class/CDC/Src/usbd_cdc.o
 .debug_macro   0x000160b2       0x56 ./Middlewares/ST/STM32_USB_Device_Library/Class/CDC/Src/usbd_cdc.o
 .debug_macro   0x00016108       0x95 ./Middlewares/ST/STM32_USB_Device_Library/Class/CDC/Src/usbd_cdc.o
 .debug_macro   0x0001619d      0x354 ./Middlewares/ST/STM32_USB_Device_Library/Core/Src/usbd_core.o
 .debug_macro   0x000164f1      0x215 ./Middlewares/ST/STM32_USB_Device_Library/Core/Src/usbd_core.o
 .debug_macro   0x00016706      0x35e ./Middlewares/ST/STM32_USB_Device_Library/Core/Src/usbd_ctlreq.o
 .debug_macro   0x00016a64      0x35a ./Middlewares/ST/STM32_USB_Device_Library/Core/Src/usbd_ioreq.o
 .debug_macro   0x00016dbe      0x393 ./USB_DEVICE/App/usb_device.o
 .debug_macro   0x00017151       0x22 ./USB_DEVICE/App/usb_device.o
 .debug_macro   0x00017173       0x16 ./USB_DEVICE/App/usb_device.o
 .debug_macro   0x00017189      0x378 ./USB_DEVICE/App/usbd_cdc_if.o
 .debug_macro   0x00017501       0x10 ./USB_DEVICE/App/usbd_cdc_if.o
 .debug_macro   0x00017511      0x397 ./USB_DEVICE/App/usbd_desc.o
 .debug_macro   0x000178a8       0x1c ./USB_DEVICE/App/usbd_desc.o
 .debug_macro   0x000178c4      0x377 ./USB_DEVICE/Target/usbd_conf.o

.debug_line     0x00000000     0xfb69
 .debug_line    0x00000000      0x742 ./Core/Src/gpio.o
 .debug_line    0x00000742      0x9f0 ./Core/Src/main.o
 .debug_line    0x00001132      0x744 ./Core/Src/stm32f4xx_hal_msp.o
 .debug_line    0x00001876      0x81f ./Core/Src/stm32f4xx_it.o
 .debug_line    0x00002095      0x7c9 ./Core/Src/system_stm32f4xx.o
 .debug_line    0x0000285e       0x7a ./Core/Startup/startup_stm32f401rctx.o
 .debug_line    0x000028d8      0xa32 ./Drivers/STM32F4xx_HAL_Driver/Src/stm32f4xx_hal.o
 .debug_line    0x0000330a      0xd24 ./Drivers/STM32F4xx_HAL_Driver/Src/stm32f4xx_hal_cortex.o
 .debug_line    0x0000402e      0xb82 ./Drivers/STM32F4xx_HAL_Driver/Src/stm32f4xx_hal_gpio.o
 .debug_line    0x00004bb0     0x151b ./Drivers/STM32F4xx_HAL_Driver/Src/stm32f4xx_hal_pcd.o
 .debug_line    0x000060cb      0x80f ./Drivers/STM32F4xx_HAL_Driver/Src/stm32f4xx_hal_pcd_ex.o
 .debug_line    0x000068da      0xdbb ./Drivers/STM32F4xx_HAL_Driver/Src/stm32f4xx_hal_rcc.o
 .debug_line    0x00007695     0x1db1 ./Drivers/STM32F4xx_HAL_Driver/Src/stm32f4xx_ll_usb.o
 .debug_line    0x00009446      0xec8 ./Middlewares/ST/STM32_USB_Device_Library/Class/CDC/Src/usbd_cdc.o
 .debug_line    0x0000a30e      0xf42 ./Middlewares/ST/STM32_USB_Device_Library/Core/Src/usbd_core.o
 .debug_line    0x0000b250     0x1152 ./Middlewares/ST/STM32_USB_Device_Library/Core/Src/usbd_ctlreq.o
 .debug_line    0x0000c3a2      0xa5c ./Middlewares/ST/STM32_USB_Device_Library/Core/Src/usbd_ioreq.o
 .debug_line    0x0000cdfe      0xa18 ./USB_DEVICE/App/usb_device.o
 .debug_line    0x0000d816      0xa7b ./USB_DEVICE/App/usbd_cdc_if.o
 .debug_line    0x0000e291      0xae1 ./USB_DEVICE/App/usbd_desc.o
 .debug_line    0x0000ed72      0xdf7 ./USB_DEVICE/Target/usbd_conf.o

.debug_str      0x00000000    0x862df
 .debug_str     0x00000000    0x7e5e6 ./Core/Src/gpio.o
                              0x7e85c (size before relaxing)
 .debug_str     0x0007e5e6     0x4419 ./Core/Src/main.o
                              0x82cc7 (size before relaxing)
 .debug_str     0x000829ff       0x2c ./Core/Src/stm32f4xx_hal_msp.o
                              0x7e85c (size before relaxing)
 .debug_str     0x00082a2b      0x4a6 ./Core/Src/stm32f4xx_it.o
                              0x7ec03 (size before relaxing)
 .debug_str     0x00082ed1       0xdb ./Core/Src/system_stm32f4xx.o
                              0x7e90c (size before relaxing)
 .debug_str     0x00082fac       0x44 ./Core/Startup/startup_stm32f401rctx.o
                                 0x55 (size before relaxing)
 .debug_str     0x00082ff0      0x9ae ./Drivers/STM32F4xx_HAL_Driver/Src/stm32f4xx_hal.o
                              0x7f32e (size before relaxing)
 .debug_str     0x0008399e      0x39e ./Drivers/STM32F4xx_HAL_Driver/Src/stm32f4xx_hal_cortex.o
                              0x7f098 (size before relaxing)
 .debug_str     0x00083d3c      0x1cd ./Drivers/STM32F4xx_HAL_Driver/Src/stm32f4xx_hal_gpio.o
                              0x7ea87 (size before relaxing)
 .debug_str     0x00083f09      0x831 ./Drivers/STM32F4xx_HAL_Driver/Src/stm32f4xx_hal_pcd.o
                              0x7f3d8 (size before relaxing)
 .debug_str     0x0008473a      0x115 ./Drivers/STM32F4xx_HAL_Driver/Src/stm32f4xx_hal_pcd_ex.o
                              0x7ecc8 (size before relaxing)
 .debug_str     0x0008484f      0x22f ./Drivers/STM32F4xx_HAL_Driver/Src/stm32f4xx_hal_rcc.o
                              0x7ed40 (size before relaxing)
 .debug_str     0x00084a7e      0x4b9 ./Drivers/STM32F4xx_HAL_Driver/Src/stm32f4xx_ll_usb.o
                              0x7f2b3 (size before relaxing)
 .debug_str     0x00084f37      0xa3b ./Middlewares/ST/STM32_USB_Device_Library/Class/CDC/Src/usbd_cdc.o
                              0x838cb (size before relaxing)
 .debug_str     0x00085972      0x35c ./Middlewares/ST/STM32_USB_Device_Library/Core/Src/usbd_core.o
                              0x83224 (size before relaxing)
 .debug_str     0x00085cce      0x139 ./Middlewares/ST/STM32_USB_Device_Library/Core/Src/usbd_ctlreq.o
                              0x8304f (size before relaxing)
 .debug_str     0x00085e07       0x51 ./Middlewares/ST/STM32_USB_Device_Library/Core/Src/usbd_ioreq.o
                              0x82f24 (size before relaxing)
 .debug_str     0x00085e58      0x105 ./USB_DEVICE/App/usb_device.o
                              0x832d7 (size before relaxing)
 .debug_str     0x00085f5d       0xa1 ./USB_DEVICE/App/usbd_cdc_if.o
                              0x83317 (size before relaxing)
 .debug_str     0x00085ffe      0x26e ./USB_DEVICE/App/usbd_desc.o
                              0x82e24 (size before relaxing)
 .debug_str     0x0008626c       0x73 ./USB_DEVICE/Target/usbd_conf.o
                              0x83fc9 (size before relaxing)

.comment        0x00000000       0x43
 .comment       0x00000000       0x43 ./Core/Src/gpio.o
                                 0x44 (size before relaxing)
 .comment       0x00000043       0x44 ./Core/Src/main.o
 .comment       0x00000043       0x44 ./Core/Src/stm32f4xx_hal_msp.o
 .comment       0x00000043       0x44 ./Core/Src/stm32f4xx_it.o
 .comment       0x00000043       0x44 ./Core/Src/system_stm32f4xx.o
 .comment       0x00000043       0x44 ./Drivers/STM32F4xx_HAL_Driver/Src/stm32f4xx_hal.o
 .comment       0x00000043       0x44 ./Drivers/STM32F4xx_HAL_Driver/Src/stm32f4xx_hal_cortex.o
 .comment       0x00000043       0x44 ./Drivers/STM32F4xx_HAL_Driver/Src/stm32f4xx_hal_gpio.o
 .comment       0x00000043       0x44 ./Drivers/STM32F4xx_HAL_Driver/Src/stm32f4xx_hal_pcd.o
 .comment       0x00000043       0x44 ./Drivers/STM32F4xx_HAL_Driver/Src/stm32f4xx_hal_pcd_ex.o
 .comment       0x00000043       0x44 ./Drivers/STM32F4xx_HAL_Driver/Src/stm32f4xx_hal_rcc.o
 .comment       0x00000043       0x44 ./Drivers/STM32F4xx_HAL_Driver/Src/stm32f4xx_ll_usb.o
 .comment       0x00000043       0x44 ./Middlewares/ST/STM32_USB_Device_Library/Class/CDC/Src/usbd_cdc.o
 .comment       0x00000043       0x44 ./Middlewares/ST/STM32_USB_Device_Library/Core/Src/usbd_core.o
 .comment       0x00000043       0x44 ./Middlewares/ST/STM32_USB_Device_Library/Core/Src/usbd_ctlreq.o
 .comment       0x00000043       0x44 ./Middlewares/ST/STM32_USB_Device_Library/Core/Src/usbd_ioreq.o
 .comment       0x00000043       0x44 ./USB_DEVICE/App/usb_device.o
 .comment       0x00000043       0x44 ./USB_DEVICE/App/usbd_cdc_if.o
 .comment       0x00000043       0x44 ./USB_DEVICE/App/usbd_desc.o
 .comment       0x00000043       0x44 ./USB_DEVICE/Target/usbd_conf.o

.debug_frame    0x00000000     0x2ce0
 .debug_frame   0x00000000       0x38 ./Core/Src/gpio.o
 .debug_frame   0x00000038       0x68 ./Core/Src/main.o
 .debug_frame   0x000000a0       0x38 ./Core/Src/stm32f4xx_hal_msp.o
 .debug_frame   0x000000d8      0x120 ./Core/Src/stm32f4xx_it.o
 .debug_frame   0x000001f8       0x58 ./Core/Src/system_stm32f4xx.o
 .debug_frame   0x00000250      0x374 ./Drivers/STM32F4xx_HAL_Driver/Src/stm32f4xx_hal.o
 .debug_frame   0x000005c4      0x508 ./Drivers/STM32F4xx_HAL_Driver/Src/stm32f4xx_hal_cortex.o
 .debug_frame   0x00000acc      0x14c ./Drivers/STM32F4xx_HAL_Driver/Src/stm32f4xx_hal_gpio.o
 .debug_frame   0x00000c18      0x5b8 ./Drivers/STM32F4xx_HAL_Driver/Src/stm32f4xx_hal_pcd.o
 .debug_frame   0x000011d0       0xb0 ./Drivers/STM32F4xx_HAL_Driver/Src/stm32f4xx_hal_pcd_ex.o
 .debug_frame   0x00001280      0x1f4 ./Drivers/STM32F4xx_HAL_Driver/Src/stm32f4xx_hal_rcc.o
 .debug_frame   0x00001474      0x7c0 ./Drivers/STM32F4xx_HAL_Driver/Src/stm32f4xx_ll_usb.o
 .debug_frame   0x00001c34      0x23c ./Middlewares/ST/STM32_USB_Device_Library/Class/CDC/Src/usbd_cdc.o
 .debug_frame   0x00001e70      0x390 ./Middlewares/ST/STM32_USB_Device_Library/Core/Src/usbd_core.o
 .debug_frame   0x00002200      0x23c ./Middlewares/ST/STM32_USB_Device_Library/Core/Src/usbd_ctlreq.o
 .debug_frame   0x0000243c      0x10c ./Middlewares/ST/STM32_USB_Device_Library/Core/Src/usbd_ioreq.o
 .debug_frame   0x00002548       0x2c ./USB_DEVICE/App/usb_device.o
 .debug_frame   0x00002574       0xe4 ./USB_DEVICE/App/usbd_cdc_if.o
 .debug_frame   0x00002658      0x160 ./USB_DEVICE/App/usbd_desc.o
 .debug_frame   0x000027b8      0x47c ./USB_DEVICE/Target/usbd_conf.o
 .debug_frame   0x00002c34       0x20 D:/ST/STM32CubeIDE_1.16.1/STM32CubeIDE/plugins/com.st.stm32cube.ide.mcu.externaltools.gnu-tools-for-stm32.12.3.rel1.win32_1.1.0.202410251130/tools/bin/../lib/gcc/arm-none-eabi/12.3.1/../../../../arm-none-eabi/lib/thumb/v7e-m+fp/hard\libc_nano.a(libc_a-memset.o)
 .debug_frame   0x00002c54       0x2c D:/ST/STM32CubeIDE_1.16.1/STM32CubeIDE/plugins/com.st.stm32cube.ide.mcu.externaltools.gnu-tools-for-stm32.12.3.rel1.win32_1.1.0.202410251130/tools/bin/../lib/gcc/arm-none-eabi/12.3.1/../../../../arm-none-eabi/lib/thumb/v7e-m+fp/hard\libc_nano.a(libc_a-init.o)
 .debug_frame   0x00002c80       0x2c D:/ST/STM32CubeIDE_1.16.1/STM32CubeIDE/plugins/com.st.stm32cube.ide.mcu.externaltools.gnu-tools-for-stm32.12.3.rel1.win32_1.1.0.202410251130/tools/bin/../lib/gcc/arm-none-eabi/12.3.1/thumb/v7e-m+fp/hard\libgcc.a(_aeabi_uldivmod.o)
 .debug_frame   0x00002cac       0x34 D:/ST/STM32CubeIDE_1.16.1/STM32CubeIDE/plugins/com.st.stm32cube.ide.mcu.externaltools.gnu-tools-for-stm32.12.3.rel1.win32_1.1.0.202410251130/tools/bin/../lib/gcc/arm-none-eabi/12.3.1/thumb/v7e-m+fp/hard\libgcc.a(_udivmoddi4.o)

.debug_line_str
                0x00000000       0x39
 .debug_line_str
                0x00000000       0x39 ./Core/Startup/startup_stm32f401rctx.o
